00:00 +0: loading C:/Users/JSCam/Documents/Development/ash_trail/test/main_test.dart
00:00 +0: C:/Users/JSCam/Documents/Development/ash_trail/test/models/account_test.dart: Account Model Tests Account.create() should create account with required fields
00:00 +1: C:/Users/JSCam/Documents/Development/ash_trail/test/models/account_test.dart: Account Model Tests Account.create() should accept optional display name
00:00 +2: C:/Users/JSCam/Documents/Development/ash_trail/test/models/account_test.dart: Account Model Tests Account.create() should mark as active when specified
00:00 +3: C:/Users/JSCam/Documents/Development/ash_trail/test/models/account_test.dart: Account Model Tests Account.create() should store session tokens
00:00 +4: C:/Users/JSCam/Documents/Development/ash_trail/test/models/account_test.dart: Account Model Tests Account() default constructor should create empty account
00:00 +5: C:/Users/JSCam/Documents/Development/ash_trail/test/models/account_test.dart: Account Model Tests Account.create() should accept all optional fields
00:00 +6: C:/Users/JSCam/Documents/Development/ash_trail/test/main_test.dart: AshTrailApp renders MaterialApp with correct theme
00:00 +7: C:/Users/JSCam/Documents/Development/ash_trail/test/main_test.dart: AshTrailApp renders MaterialApp with correct theme
00:00 +8: C:/Users/JSCam/Documents/Development/ash_trail/test/main_test.dart: AshTrailApp renders MaterialApp with correct theme
00:00 +9: C:/Users/JSCam/Documents/Development/ash_trail/test/main_test.dart: AshTrailApp renders MaterialApp with correct theme
00:00 +10: C:/Users/JSCam/Documents/Development/ash_trail/test/main_test.dart: AshTrailApp renders MaterialApp with correct theme
00:00 +11: C:/Users/JSCam/Documents/Development/ash_trail/test/main_test.dart: AshTrailApp renders MaterialApp with correct theme
00:00 +12: C:/Users/JSCam/Documents/Development/ash_trail/test/main_test.dart: AshTrailApp renders MaterialApp with correct theme
00:00 +13: C:/Users/JSCam/Documents/Development/ash_trail/test/main_test.dart: AshTrailApp renders MaterialApp with correct theme
00:00 +14: C:/Users/JSCam/Documents/Development/ash_trail/test/main_test.dart: AshTrailApp renders MaterialApp with correct theme
00:00 +15: C:/Users/JSCam/Documents/Development/ash_trail/test/main_test.dart: AshTrailApp renders MaterialApp with correct theme
00:00 +16: C:/Users/JSCam/Documents/Development/ash_trail/test/main_test.dart: AshTrailApp renders MaterialApp with correct theme
00:00 +17: C:/Users/JSCam/Documents/Development/ash_trail/test/main_test.dart: AshTrailApp renders MaterialApp with correct theme
00:00 +18: C:/Users/JSCam/Documents/Development/ash_trail/test/main_test.dart: AshTrailApp renders MaterialApp with correct theme
00:00 +19: C:/Users/JSCam/Documents/Development/ash_trail/test/main_test.dart: AshTrailApp renders MaterialApp with correct theme
00:00 +20: C:/Users/JSCam/Documents/Development/ash_trail/test/main_test.dart: AshTrailApp renders MaterialApp with correct theme
00:00 +21: C:/Users/JSCam/Documents/Development/ash_trail/test/main_test.dart: AshTrailApp renders MaterialApp with correct theme
00:00 +22: C:/Users/JSCam/Documents/Development/ash_trail/test/main_test.dart: AshTrailApp renders MaterialApp with correct theme
00:00 +23: C:/Users/JSCam/Documents/Development/ash_trail/test/main_test.dart: AshTrailApp renders MaterialApp with correct theme
00:00 +24: C:/Users/JSCam/Documents/Development/ash_trail/test/main_test.dart: AshTrailApp renders MaterialApp with correct theme
00:00 +25: C:/Users/JSCam/Documents/Development/ash_trail/test/main_test.dart: AshTrailApp renders MaterialApp with correct theme
00:00 +26: C:/Users/JSCam/Documents/Development/ash_trail/test/main_test.dart: AshTrailApp renders MaterialApp with correct theme
00:00 +27: C:/Users/JSCam/Documents/Development/ash_trail/test/main_test.dart: AshTrailApp renders MaterialApp with correct theme
00:00 +28: C:/Users/JSCam/Documents/Development/ash_trail/test/main_test.dart: AshTrailApp renders MaterialApp with correct theme
00:00 +29: C:/Users/JSCam/Documents/Development/ash_trail/test/main_test.dart: AshTrailApp renders MaterialApp with correct theme
00:01 +30: C:/Users/JSCam/Documents/Development/ash_trail/test/main_test.dart: AuthWrapper shows loading indicator while auth is loading
00:02 +31: C:/Users/JSCam/Documents/Development/ash_trail/test/main_test.dart: AuthWrapper shows loading indicator while account is loading
00:02 +32: C:/Users/JSCam/Documents/Development/ash_trail/test/main_test.dart: AuthWrapper shows WelcomeScreen when no active account
00:02 +33: C:/Users/JSCam/Documents/Development/ash_trail/test/main_test.dart: AuthWrapper shows error message on auth error
00:02 +34: C:/Users/JSCam/Documents/Development/ash_trail/test/main_test.dart: AuthWrapper shows error message on account error
00:02 +35: C:/Users/JSCam/Documents/Development/ash_trail/test/models/model_converters_test.dart: Model Converter Tests Account Web Conversion toWebModel converts all fields correctly
00:02 +36: C:/Users/JSCam/Documents/Development/ash_trail/test/main_test.dart: WelcomeScreen renders welcome UI
00:02 +37: C:/Users/JSCam/Documents/Development/ash_trail/test/main_test.dart: WelcomeScreen renders welcome UI
00:02 +38: C:/Users/JSCam/Documents/Development/ash_trail/test/main_test.dart: WelcomeScreen renders welcome UI
00:02 +39: C:/Users/JSCam/Documents/Development/ash_trail/test/main_test.dart: WelcomeScreen renders welcome UI
00:02 +40: C:/Users/JSCam/Documents/Development/ash_trail/test/main_test.dart: WelcomeScreen renders welcome UI
00:02 +41: C:/Users/JSCam/Documents/Development/ash_trail/test/main_test.dart: WelcomeScreen renders welcome UI
00:03 +42: C:/Users/JSCam/Documents/Development/ash_trail/test/main_test.dart: WelcomeScreen renders welcome UI
00:03 +43: C:/Users/JSCam/Documents/Development/ash_trail/test/main_test.dart: WelcomeScreen renders welcome UI
00:03 +44: C:/Users/JSCam/Documents/Development/ash_trail/test/models/enums_test.dart: LogReason Enum has all expected values
00:03 +45: C:/Users/JSCam/Documents/Development/ash_trail/test/models/enums_test.dart: LogReason Enum has all expected values
00:03 +46: C:/Users/JSCam/Documents/Development/ash_trail/test/models/enums_test.dart: LogReason Enum has all expected values
00:03 +47: C:/Users/JSCam/Documents/Development/ash_trail/test/models/enums_test.dart: LogReason Enum has all expected values
00:03 +48: C:/Users/JSCam/Documents/Development/ash_trail/test/models/enums_test.dart: LogReason Enum has all expected values
00:03 +49: C:/Users/JSCam/Documents/Development/ash_trail/test/main_test.dart: WelcomeScreen navigates to login screen on Sign In tap
00:03 +50: C:/Users/JSCam/Documents/Development/ash_trail/test/main_test.dart: WelcomeScreen navigates to login screen on Sign In tap
00:03 +51: C:/Users/JSCam/Documents/Development/ash_trail/test/main_test.dart: WelcomeScreen navigates to login screen on Sign In tap
00:03 +52: C:/Users/JSCam/Documents/Development/ash_trail/test/main_test.dart: WelcomeScreen navigates to login screen on Sign In tap
00:03 +53: C:/Users/JSCam/Documents/Development/ash_trail/test/main_test.dart: WelcomeScreen navigates to login screen on Sign In tap
00:03 +54: C:/Users/JSCam/Documents/Development/ash_trail/test/main_test.dart: WelcomeScreen navigates to login screen on Sign In tap
00:03 +55: C:/Users/JSCam/Documents/Development/ash_trail/test/main_test.dart: WelcomeScreen navigates to login screen on Sign In tap
00:03 +56: C:/Users/JSCam/Documents/Development/ash_trail/test/main_test.dart: WelcomeScreen navigates to login screen on Sign In tap
00:03 +57: C:/Users/JSCam/Documents/Development/ash_trail/test/main_test.dart: WelcomeScreen navigates to login screen on Sign In tap
00:03 +58: C:/Users/JSCam/Documents/Development/ash_trail/test/main_test.dart: WelcomeScreen navigates to login screen on Sign In tap
00:03 +59: C:/Users/JSCam/Documents/Development/ash_trail/test/main_test.dart: WelcomeScreen navigates to login screen on Sign In tap
00:03 +60: C:/Users/JSCam/Documents/Development/ash_trail/test/main_test.dart: WelcomeScreen navigates to login screen on Sign In tap
00:03 +61: C:/Users/JSCam/Documents/Development/ash_trail/test/main_test.dart: WelcomeScreen navigates to login screen on Sign In tap
00:03 +62: C:/Users/JSCam/Documents/Development/ash_trail/test/main_test.dart: WelcomeScreen navigates to login screen on Sign In tap
00:03 +63: C:/Users/JSCam/Documents/Development/ash_trail/test/main_test.dart: WelcomeScreen navigates to login screen on Sign In tap
00:03 +64: C:/Users/JSCam/Documents/Development/ash_trail/test/main_test.dart: WelcomeScreen navigates to login screen on Sign In tap
00:03 +65: C:/Users/JSCam/Documents/Development/ash_trail/test/main_test.dart: WelcomeScreen navigates to login screen on Sign In tap
00:03 +66: C:/Users/JSCam/Documents/Development/ash_trail/test/main_test.dart: WelcomeScreen navigates to login screen on Sign In tap
00:03 +67: C:/Users/JSCam/Documents/Development/ash_trail/test/main_test.dart: WelcomeScreen navigates to login screen on Sign In tap
00:03 +68: C:/Users/JSCam/Documents/Development/ash_trail/test/main_test.dart: WelcomeScreen navigates to login screen on Sign In tap
00:03 +69: C:/Users/JSCam/Documents/Development/ash_trail/test/main_test.dart: WelcomeScreen navigates to login screen on Sign In tap
00:03 +70: C:/Users/JSCam/Documents/Development/ash_trail/test/main_test.dart: WelcomeScreen navigates to login screen on Sign In tap
00:03 +71: C:/Users/JSCam/Documents/Development/ash_trail/test/main_test.dart: WelcomeScreen navigates to login screen on Sign In tap
00:03 +72: C:/Users/JSCam/Documents/Development/ash_trail/test/main_test.dart: WelcomeScreen navigates to login screen on Sign In tap
00:03 +73: C:/Users/JSCam/Documents/Development/ash_trail/test/main_test.dart: WelcomeScreen navigates to login screen on Sign In tap
00:03 +74: C:/Users/JSCam/Documents/Development/ash_trail/test/main_test.dart: WelcomeScreen navigates to login screen on Sign In tap
00:03 +75: C:/Users/JSCam/Documents/Development/ash_trail/test/main_test.dart: WelcomeScreen navigates to login screen on Sign In tap
00:03 +76: C:/Users/JSCam/Documents/Development/ash_trail/test/main_test.dart: WelcomeScreen navigates to login screen on Sign In tap
00:03 +77: C:/Users/JSCam/Documents/Development/ash_trail/test/main_test.dart: WelcomeScreen navigates to login screen on Sign In tap
00:03 +78: C:/Users/JSCam/Documents/Development/ash_trail/test/main_test.dart: WelcomeScreen navigates to login screen on Sign In tap
00:03 +79: C:/Users/JSCam/Documents/Development/ash_trail/test/main_test.dart: WelcomeScreen navigates to login screen on Sign In tap
00:03 +80: C:/Users/JSCam/Documents/Development/ash_trail/test/main_test.dart: WelcomeScreen navigates to login screen on Sign In tap
00:03 +81: C:/Users/JSCam/Documents/Development/ash_trail/test/main_test.dart: WelcomeScreen navigates to login screen on Sign In tap
00:03 +82: C:/Users/JSCam/Documents/Development/ash_trail/test/main_test.dart: WelcomeScreen navigates to login screen on Sign In tap
00:03 +83: C:/Users/JSCam/Documents/Development/ash_trail/test/main_test.dart: WelcomeScreen navigates to login screen on Sign In tap
00:03 +84: C:/Users/JSCam/Documents/Development/ash_trail/test/main_test.dart: WelcomeScreen navigates to login screen on Sign In tap
00:03 +85: C:/Users/JSCam/Documents/Development/ash_trail/test/main_test.dart: WelcomeScreen navigates to login screen on Sign In tap
00:03 +86: C:/Users/JSCam/Documents/Development/ash_trail/test/main_test.dart: WelcomeScreen navigates to login screen on Sign In tap
00:03 +87: C:/Users/JSCam/Documents/Development/ash_trail/test/main_test.dart: WelcomeScreen navigates to login screen on Sign In tap
00:03 +88: C:/Users/JSCam/Documents/Development/ash_trail/test/main_test.dart: WelcomeScreen navigates to login screen on Sign In tap
00:03 +89: C:/Users/JSCam/Documents/Development/ash_trail/test/main_test.dart: WelcomeScreen navigates to login screen on Sign In tap
00:03 +90: C:/Users/JSCam/Documents/Development/ash_trail/test/main_test.dart: WelcomeScreen navigates to login screen on Sign In tap
00:03 +91: C:/Users/JSCam/Documents/Development/ash_trail/test/main_test.dart: WelcomeScreen navigates to login screen on Sign In tap
00:03 +92: C:/Users/JSCam/Documents/Development/ash_trail/test/main_test.dart: WelcomeScreen navigates to login screen on Sign In tap
00:03 +93: C:/Users/JSCam/Documents/Development/ash_trail/test/main_test.dart: WelcomeScreen navigates to login screen on Sign In tap
00:03 +94: C:/Users/JSCam/Documents/Development/ash_trail/test/main_test.dart: WelcomeScreen navigates to login screen on Sign In tap
00:03 +95: C:/Users/JSCam/Documents/Development/ash_trail/test/main_test.dart: WelcomeScreen navigates to login screen on Sign In tap
00:03 +96: C:/Users/JSCam/Documents/Development/ash_trail/test/main_test.dart: WelcomeScreen navigates to login screen on Sign In tap
00:03 +97: C:/Users/JSCam/Documents/Development/ash_trail/test/main_test.dart: WelcomeScreen navigates to login screen on Sign In tap
00:03 +98: C:/Users/JSCam/Documents/Development/ash_trail/test/main_test.dart: WelcomeScreen navigates to login screen on Sign In tap
00:03 +99: C:/Users/JSCam/Documents/Development/ash_trail/test/main_test.dart: WelcomeScreen navigates to login screen on Sign In tap
00:03 +100: C:/Users/JSCam/Documents/Development/ash_trail/test/main_test.dart: WelcomeScreen navigates to login screen on Sign In tap
00:03 +101: C:/Users/JSCam/Documents/Development/ash_trail/test/main_test.dart: WelcomeScreen navigates to login screen on Sign In tap
00:03 +102: C:/Users/JSCam/Documents/Development/ash_trail/test/main_test.dart: WelcomeScreen navigates to login screen on Sign In tap
00:03 +103: C:/Users/JSCam/Documents/Development/ash_trail/test/main_test.dart: WelcomeScreen navigates to login screen on Sign In tap
00:03 +104: C:/Users/JSCam/Documents/Development/ash_trail/test/main_test.dart: WelcomeScreen navigates to login screen on Sign In tap
00:03 +105: C:/Users/JSCam/Documents/Development/ash_trail/test/main_test.dart: WelcomeScreen navigates to login screen on Sign In tap
00:03 +106: C:/Users/JSCam/Documents/Development/ash_trail/test/main_test.dart: WelcomeScreen navigates to login screen on Sign In tap
00:03 +107: C:/Users/JSCam/Documents/Development/ash_trail/test/main_test.dart: WelcomeScreen navigates to login screen on Sign In tap
00:03 +108: C:/Users/JSCam/Documents/Development/ash_trail/test/main_test.dart: WelcomeScreen navigates to login screen on Sign In tap
00:03 +109: C:/Users/JSCam/Documents/Development/ash_trail/test/main_test.dart: WelcomeScreen navigates to login screen on Sign In tap
00:03 +110: C:/Users/JSCam/Documents/Development/ash_trail/test/main_test.dart: WelcomeScreen navigates to login screen on Sign In tap
00:03 +111: C:/Users/JSCam/Documents/Development/ash_trail/test/main_test.dart: WelcomeScreen navigates to login screen on Sign In tap
00:03 +112: C:/Users/JSCam/Documents/Development/ash_trail/test/main_test.dart: WelcomeScreen navigates to login screen on Sign In tap
00:03 +113: C:/Users/JSCam/Documents/Development/ash_trail/test/main_test.dart: WelcomeScreen navigates to login screen on Sign In tap
00:03 +114: C:/Users/JSCam/Documents/Development/ash_trail/test/main_test.dart: WelcomeScreen navigates to login screen on Sign In tap
00:03 +115: C:/Users/JSCam/Documents/Development/ash_trail/test/main_test.dart: WelcomeScreen navigates to login screen on Sign In tap
00:03 +116: C:/Users/JSCam/Documents/Development/ash_trail/test/main_test.dart: WelcomeScreen navigates to login screen on Sign In tap
00:03 +117: C:/Users/JSCam/Documents/Development/ash_trail/test/main_test.dart: WelcomeScreen navigates to login screen on Sign In tap
00:03 +118: C:/Users/JSCam/Documents/Development/ash_trail/test/main_test.dart: WelcomeScreen navigates to login screen on Sign In tap
00:03 +119: C:/Users/JSCam/Documents/Development/ash_trail/test/main_test.dart: WelcomeScreen navigates to login screen on Sign In tap
00:03 +120: C:/Users/JSCam/Documents/Development/ash_trail/test/main_test.dart: WelcomeScreen navigates to login screen on Sign In tap
00:03 +121: C:/Users/JSCam/Documents/Development/ash_trail/test/main_test.dart: WelcomeScreen navigates to login screen on Sign In tap
00:03 +122: C:/Users/JSCam/Documents/Development/ash_trail/test/main_test.dart: WelcomeScreen navigates to login screen on Sign In tap
00:03 +123: C:/Users/JSCam/Documents/Development/ash_trail/test/main_test.dart: WelcomeScreen navigates to login screen on Sign In tap
00:03 +124: C:/Users/JSCam/Documents/Development/ash_trail/test/main_test.dart: WelcomeScreen navigates to login screen on Sign In tap
00:03 +125: C:/Users/JSCam/Documents/Development/ash_trail/test/main_test.dart: WelcomeScreen navigates to login screen on Sign In tap
00:03 +126: C:/Users/JSCam/Documents/Development/ash_trail/test/main_test.dart: WelcomeScreen navigates to login screen on Sign In tap
00:03 +127: C:/Users/JSCam/Documents/Development/ash_trail/test/main_test.dart: WelcomeScreen navigates to login screen on Sign In tap
00:03 +128: C:/Users/JSCam/Documents/Development/ash_trail/test/main_test.dart: WelcomeScreen navigates to login screen on Sign In tap
00:03 +129: C:/Users/JSCam/Documents/Development/ash_trail/test/main_test.dart: WelcomeScreen navigates to login screen on Sign In tap
00:03 +130: C:/Users/JSCam/Documents/Development/ash_trail/test/main_test.dart: WelcomeScreen navigates to login screen on Sign In tap
00:03 +131: C:/Users/JSCam/Documents/Development/ash_trail/test/main_test.dart: WelcomeScreen navigates to login screen on Sign In tap
00:03 +132: C:/Users/JSCam/Documents/Development/ash_trail/test/main_test.dart: WelcomeScreen navigates to login screen on Sign In tap
00:03 +133: C:/Users/JSCam/Documents/Development/ash_trail/test/main_test.dart: WelcomeScreen navigates to login screen on Sign In tap
00:03 +134: C:/Users/JSCam/Documents/Development/ash_trail/test/main_test.dart: WelcomeScreen navigates to login screen on Sign In tap
00:03 +135: C:/Users/JSCam/Documents/Development/ash_trail/test/main_test.dart: WelcomeScreen navigates to login screen on Sign In tap
00:03 +136: C:/Users/JSCam/Documents/Development/ash_trail/test/main_test.dart: WelcomeScreen navigates to login screen on Sign In tap
00:03 +137: C:/Users/JSCam/Documents/Development/ash_trail/test/main_test.dart: WelcomeScreen navigates to login screen on Sign In tap
00:03 +138: C:/Users/JSCam/Documents/Development/ash_trail/test/main_test.dart: WelcomeScreen navigates to login screen on Sign In tap
00:03 +139: C:/Users/JSCam/Documents/Development/ash_trail/test/main_test.dart: WelcomeScreen navigates to login screen on Sign In tap
00:03 +140: C:/Users/JSCam/Documents/Development/ash_trail/test/main_test.dart: WelcomeScreen navigates to login screen on Sign In tap
00:03 +141: C:/Users/JSCam/Documents/Development/ash_trail/test/main_test.dart: WelcomeScreen navigates to login screen on Sign In tap
00:03 +142: C:/Users/JSCam/Documents/Development/ash_trail/test/main_test.dart: WelcomeScreen navigates to login screen on Sign In tap
00:03 +143: C:/Users/JSCam/Documents/Development/ash_trail/test/main_test.dart: WelcomeScreen navigates to login screen on Sign In tap
00:03 +144: C:/Users/JSCam/Documents/Development/ash_trail/test/main_test.dart: WelcomeScreen navigates to login screen on Sign In tap
00:03 +145: C:/Users/JSCam/Documents/Development/ash_trail/test/main_test.dart: WelcomeScreen navigates to login screen on Sign In tap
00:03 +146: C:/Users/JSCam/Documents/Development/ash_trail/test/main_test.dart: WelcomeScreen navigates to login screen on Sign In tap
00:03 +147: C:/Users/JSCam/Documents/Development/ash_trail/test/main_test.dart: WelcomeScreen navigates to login screen on Sign In tap
00:03 +148: C:/Users/JSCam/Documents/Development/ash_trail/test/main_test.dart: WelcomeScreen navigates to login screen on Sign In tap
00:03 +149: C:/Users/JSCam/Documents/Development/ash_trail/test/main_test.dart: WelcomeScreen navigates to login screen on Sign In tap
00:03 +150: C:/Users/JSCam/Documents/Development/ash_trail/test/main_test.dart: WelcomeScreen navigates to login screen on Sign In tap
00:03 +151: C:/Users/JSCam/Documents/Development/ash_trail/test/main_test.dart: WelcomeScreen navigates to login screen on Sign In tap
00:03 +152: C:/Users/JSCam/Documents/Development/ash_trail/test/main_test.dart: WelcomeScreen navigates to login screen on Sign In tap
00:03 +153: C:/Users/JSCam/Documents/Development/ash_trail/test/main_test.dart: WelcomeScreen navigates to login screen on Sign In tap
00:03 +154: C:/Users/JSCam/Documents/Development/ash_trail/test/main_test.dart: WelcomeScreen navigates to login screen on Sign In tap
00:03 +155: C:/Users/JSCam/Documents/Development/ash_trail/test/main_test.dart: WelcomeScreen navigates to login screen on Sign In tap
00:03 +156: C:/Users/JSCam/Documents/Development/ash_trail/test/main_test.dart: WelcomeScreen navigates to login screen on Sign In tap
00:03 +157: C:/Users/JSCam/Documents/Development/ash_trail/test/main_test.dart: WelcomeScreen navigates to login screen on Sign In tap
00:03 +158: C:/Users/JSCam/Documents/Development/ash_trail/test/main_test.dart: WelcomeScreen navigates to login screen on Sign In tap
00:03 +159: C:/Users/JSCam/Documents/Development/ash_trail/test/main_test.dart: WelcomeScreen navigates to login screen on Sign In tap
00:03 +160: C:/Users/JSCam/Documents/Development/ash_trail/test/main_test.dart: WelcomeScreen navigates to login screen on Sign In tap
00:03 +161: C:/Users/JSCam/Documents/Development/ash_trail/test/main_test.dart: WelcomeScreen navigates to login screen on Sign In tap
00:03 +162: C:/Users/JSCam/Documents/Development/ash_trail/test/main_test.dart: WelcomeScreen navigates to login screen on Sign In tap
00:03 +163: C:/Users/JSCam/Documents/Development/ash_trail/test/main_test.dart: WelcomeScreen navigates to login screen on Sign In tap
00:03 +164: C:/Users/JSCam/Documents/Development/ash_trail/test/main_test.dart: WelcomeScreen navigates to login screen on Sign In tap
00:03 +165: C:/Users/JSCam/Documents/Development/ash_trail/test/main_test.dart: WelcomeScreen navigates to login screen on Sign In tap
00:03 +166: C:/Users/JSCam/Documents/Development/ash_trail/test/main_test.dart: WelcomeScreen navigates to login screen on Sign In tap
00:03 +167: C:/Users/JSCam/Documents/Development/ash_trail/test/main_test.dart: WelcomeScreen navigates to login screen on Sign In tap
00:03 +168: C:/Users/JSCam/Documents/Development/ash_trail/test/main_test.dart: WelcomeScreen navigates to login screen on Sign In tap
00:03 +169: C:/Users/JSCam/Documents/Development/ash_trail/test/main_test.dart: WelcomeScreen navigates to login screen on Sign In tap
00:03 +170: C:/Users/JSCam/Documents/Development/ash_trail/test/main_test.dart: WelcomeScreen navigates to login screen on Sign In tap
00:03 +171: C:/Users/JSCam/Documents/Development/ash_trail/test/main_test.dart: WelcomeScreen navigates to login screen on Sign In tap
00:03 +172: C:/Users/JSCam/Documents/Development/ash_trail/test/main_test.dart: WelcomeScreen navigates to login screen on Sign In tap
00:03 +173: C:/Users/JSCam/Documents/Development/ash_trail/test/main_test.dart: WelcomeScreen navigates to login screen on Sign In tap
00:03 +174: C:/Users/JSCam/Documents/Development/ash_trail/test/main_test.dart: WelcomeScreen navigates to login screen on Sign In tap
00:03 +175: C:/Users/JSCam/Documents/Development/ash_trail/test/main_test.dart: WelcomeScreen navigates to login screen on Sign In tap
00:03 +176: C:/Users/JSCam/Documents/Development/ash_trail/test/main_test.dart: WelcomeScreen navigates to login screen on Sign In tap
00:03 +177: C:/Users/JSCam/Documents/Development/ash_trail/test/main_test.dart: WelcomeScreen navigates to login screen on Sign In tap
00:03 +178: C:/Users/JSCam/Documents/Development/ash_trail/test/main_test.dart: WelcomeScreen navigates to login screen on Sign In tap
00:03 +179: C:/Users/JSCam/Documents/Development/ash_trail/test/main_test.dart: WelcomeScreen navigates to login screen on Sign In tap
00:03 +180: C:/Users/JSCam/Documents/Development/ash_trail/test/main_test.dart: WelcomeScreen navigates to login screen on Sign In tap
00:03 +181: C:/Users/JSCam/Documents/Development/ash_trail/test/main_test.dart: WelcomeScreen navigates to login screen on Sign In tap
00:03 +182: C:/Users/JSCam/Documents/Development/ash_trail/test/main_test.dart: WelcomeScreen navigates to login screen on Sign In tap
00:03 +183: C:/Users/JSCam/Documents/Development/ash_trail/test/main_test.dart: WelcomeScreen navigates to login screen on Sign In tap
00:03 +184: C:/Users/JSCam/Documents/Development/ash_trail/test/main_test.dart: WelcomeScreen navigates to login screen on Sign In tap
00:03 +185: C:/Users/JSCam/Documents/Development/ash_trail/test/main_test.dart: WelcomeScreen navigates to login screen on Sign In tap
00:03 +186: C:/Users/JSCam/Documents/Development/ash_trail/test/main_test.dart: WelcomeScreen navigates to login screen on Sign In tap
00:03 +187: C:/Users/JSCam/Documents/Development/ash_trail/test/main_test.dart: WelcomeScreen navigates to login screen on Sign In tap
00:03 +188: C:/Users/JSCam/Documents/Development/ash_trail/test/main_test.dart: WelcomeScreen navigates to login screen on Sign In tap
00:03 +189: C:/Users/JSCam/Documents/Development/ash_trail/test/main_test.dart: WelcomeScreen navigates to login screen on Sign In tap
00:03 +190: C:/Users/JSCam/Documents/Development/ash_trail/test/main_test.dart: WelcomeScreen navigates to login screen on Sign In tap
00:03 +191: C:/Users/JSCam/Documents/Development/ash_trail/test/main_test.dart: WelcomeScreen navigates to login screen on Sign In tap
00:03 +192: C:/Users/JSCam/Documents/Development/ash_trail/test/main_test.dart: WelcomeScreen navigates to login screen on Sign In tap
00:03 +193: C:/Users/JSCam/Documents/Development/ash_trail/test/main_test.dart: WelcomeScreen navigates to login screen on Sign In tap
00:03 +194: C:/Users/JSCam/Documents/Development/ash_trail/test/main_test.dart: WelcomeScreen navigates to login screen on Sign In tap
00:03 +195: C:/Users/JSCam/Documents/Development/ash_trail/test/main_test.dart: WelcomeScreen navigates to login screen on Sign In tap
00:03 +196: C:/Users/JSCam/Documents/Development/ash_trail/test/main_test.dart: WelcomeScreen navigates to login screen on Sign In tap
00:03 +197: C:/Users/JSCam/Documents/Development/ash_trail/test/main_test.dart: WelcomeScreen navigates to login screen on Sign In tap
00:03 +198: C:/Users/JSCam/Documents/Development/ash_trail/test/main_test.dart: WelcomeScreen navigates to login screen on Sign In tap
00:03 +199: C:/Users/JSCam/Documents/Development/ash_trail/test/main_test.dart: WelcomeScreen navigates to login screen on Sign In tap
00:03 +200: C:/Users/JSCam/Documents/Development/ash_trail/test/main_test.dart: WelcomeScreen navigates to login screen on Sign In tap
00:03 +201: C:/Users/JSCam/Documents/Development/ash_trail/test/main_test.dart: WelcomeScreen navigates to login screen on Sign In tap
00:03 +202: C:/Users/JSCam/Documents/Development/ash_trail/test/main_test.dart: WelcomeScreen navigates to login screen on Sign In tap
00:03 +203: C:/Users/JSCam/Documents/Development/ash_trail/test/main_test.dart: WelcomeScreen navigates to login screen on Sign In tap
00:03 +204: C:/Users/JSCam/Documents/Development/ash_trail/test/main_test.dart: WelcomeScreen navigates to login screen on Sign In tap
00:03 +205: C:/Users/JSCam/Documents/Development/ash_trail/test/main_test.dart: WelcomeScreen navigates to login screen on Sign In tap
00:03 +206: C:/Users/JSCam/Documents/Development/ash_trail/test/main_test.dart: WelcomeScreen navigates to login screen on Sign In tap
00:03 +207: C:/Users/JSCam/Documents/Development/ash_trail/test/main_test.dart: WelcomeScreen navigates to login screen on Sign In tap
00:03 +208: C:/Users/JSCam/Documents/Development/ash_trail/test/main_test.dart: WelcomeScreen navigates to login screen on Sign In tap
00:03 +209: C:/Users/JSCam/Documents/Development/ash_trail/test/main_test.dart: WelcomeScreen navigates to login screen on Sign In tap
00:03 +210: C:/Users/JSCam/Documents/Development/ash_trail/test/main_test.dart: WelcomeScreen navigates to login screen on Sign In tap
00:03 +211: C:/Users/JSCam/Documents/Development/ash_trail/test/main_test.dart: WelcomeScreen navigates to login screen on Sign In tap
00:03 +212: C:/Users/JSCam/Documents/Development/ash_trail/test/main_test.dart: WelcomeScreen navigates to login screen on Sign In tap
00:03 +213: C:/Users/JSCam/Documents/Development/ash_trail/test/main_test.dart: WelcomeScreen navigates to login screen on Sign In tap
00:03 +214: C:/Users/JSCam/Documents/Development/ash_trail/test/main_test.dart: WelcomeScreen navigates to login screen on Sign In tap
00:03 +215: C:/Users/JSCam/Documents/Development/ash_trail/test/main_test.dart: WelcomeScreen navigates to login screen on Sign In tap
00:03 +216: C:/Users/JSCam/Documents/Development/ash_trail/test/main_test.dart: WelcomeScreen navigates to login screen on Sign In tap
00:03 +217: C:/Users/JSCam/Documents/Development/ash_trail/test/main_test.dart: WelcomeScreen navigates to login screen on Sign In tap
00:03 +218: C:/Users/JSCam/Documents/Development/ash_trail/test/main_test.dart: WelcomeScreen navigates to login screen on Sign In tap
00:03 +219: C:/Users/JSCam/Documents/Development/ash_trail/test/main_test.dart: WelcomeScreen navigates to login screen on Sign In tap
00:03 +220: C:/Users/JSCam/Documents/Development/ash_trail/test/main_test.dart: WelcomeScreen navigates to login screen on Sign In tap
00:03 +221: C:/Users/JSCam/Documents/Development/ash_trail/test/main_test.dart: WelcomeScreen navigates to login screen on Sign In tap
00:03 +222: C:/Users/JSCam/Documents/Development/ash_trail/test/main_test.dart: WelcomeScreen navigates to login screen on Sign In tap
00:03 +223: C:/Users/JSCam/Documents/Development/ash_trail/test/main_test.dart: WelcomeScreen navigates to login screen on Sign In tap
00:03 +224: C:/Users/JSCam/Documents/Development/ash_trail/test/main_test.dart: WelcomeScreen navigates to login screen on Sign In tap
00:03 +225: C:/Users/JSCam/Documents/Development/ash_trail/test/main_test.dart: WelcomeScreen navigates to login screen on Sign In tap
00:03 +226: C:/Users/JSCam/Documents/Development/ash_trail/test/main_test.dart: WelcomeScreen navigates to login screen on Sign In tap
00:03 +227: C:/Users/JSCam/Documents/Development/ash_trail/test/main_test.dart: WelcomeScreen navigates to login screen on Sign In tap
00:03 +228: C:/Users/JSCam/Documents/Development/ash_trail/test/main_test.dart: WelcomeScreen navigates to login screen on Sign In tap
00:03 +229: C:/Users/JSCam/Documents/Development/ash_trail/test/main_test.dart: WelcomeScreen navigates to login screen on Sign In tap
00:03 +230: C:/Users/JSCam/Documents/Development/ash_trail/test/main_test.dart: WelcomeScreen navigates to login screen on Sign In tap
00:03 +231: C:/Users/JSCam/Documents/Development/ash_trail/test/main_test.dart: WelcomeScreen navigates to login screen on Sign In tap
00:03 +232: C:/Users/JSCam/Documents/Development/ash_trail/test/main_test.dart: WelcomeScreen navigates to login screen on Sign In tap
00:03 +233: C:/Users/JSCam/Documents/Development/ash_trail/test/main_test.dart: WelcomeScreen navigates to login screen on Sign In tap
00:03 +234: C:/Users/JSCam/Documents/Development/ash_trail/test/main_test.dart: WelcomeScreen navigates to login screen on Sign In tap
00:03 +235: C:/Users/JSCam/Documents/Development/ash_trail/test/main_test.dart: WelcomeScreen navigates to login screen on Sign In tap
00:03 +236: C:/Users/JSCam/Documents/Development/ash_trail/test/main_test.dart: WelcomeScreen navigates to login screen on Sign In tap
00:03 +237: C:/Users/JSCam/Documents/Development/ash_trail/test/main_test.dart: WelcomeScreen navigates to login screen on Sign In tap
00:03 +238: C:/Users/JSCam/Documents/Development/ash_trail/test/main_test.dart: WelcomeScreen navigates to login screen on Sign In tap
00:03 +239: C:/Users/JSCam/Documents/Development/ash_trail/test/main_test.dart: WelcomeScreen navigates to login screen on Sign In tap
00:03 +240: C:/Users/JSCam/Documents/Development/ash_trail/test/main_test.dart: WelcomeScreen navigates to login screen on Sign In tap
00:03 +241: C:/Users/JSCam/Documents/Development/ash_trail/test/main_test.dart: WelcomeScreen navigates to login screen on Sign In tap
00:03 +242: C:/Users/JSCam/Documents/Development/ash_trail/test/main_test.dart: WelcomeScreen navigates to login screen on Sign In tap
00:03 +243: C:/Users/JSCam/Documents/Development/ash_trail/test/main_test.dart: WelcomeScreen navigates to login screen on Sign In tap
00:03 +244: C:/Users/JSCam/Documents/Development/ash_trail/test/main_test.dart: WelcomeScreen navigates to login screen on Sign In tap
00:03 +245: C:/Users/JSCam/Documents/Development/ash_trail/test/main_test.dart: WelcomeScreen navigates to login screen on Sign In tap
00:03 +246: C:/Users/JSCam/Documents/Development/ash_trail/test/main_test.dart: WelcomeScreen navigates to login screen on Sign In tap
00:03 +247: C:/Users/JSCam/Documents/Development/ash_trail/test/main_test.dart: WelcomeScreen navigates to login screen on Sign In tap
00:03 +248: C:/Users/JSCam/Documents/Development/ash_trail/test/main_test.dart: WelcomeScreen navigates to login screen on Sign In tap
00:03 +249: C:/Users/JSCam/Documents/Development/ash_trail/test/main_test.dart: WelcomeScreen navigates to login screen on Sign In tap
00:03 +250: C:/Users/JSCam/Documents/Development/ash_trail/test/main_test.dart: WelcomeScreen navigates to login screen on Sign In tap
00:03 +251: C:/Users/JSCam/Documents/Development/ash_trail/test/main_test.dart: WelcomeScreen navigates to login screen on Sign In tap
00:03 +252: C:/Users/JSCam/Documents/Development/ash_trail/test/main_test.dart: WelcomeScreen navigates to login screen on Sign In tap
00:03 +253: C:/Users/JSCam/Documents/Development/ash_trail/test/main_test.dart: WelcomeScreen navigates to login screen on Sign In tap
00:03 +254: C:/Users/JSCam/Documents/Development/ash_trail/test/main_test.dart: WelcomeScreen navigates to login screen on Sign In tap
00:03 +255: C:/Users/JSCam/Documents/Development/ash_trail/test/main_test.dart: WelcomeScreen navigates to login screen on Sign In tap
00:03 +256: C:/Users/JSCam/Documents/Development/ash_trail/test/main_test.dart: WelcomeScreen navigates to login screen on Sign In tap
00:03 +257: C:/Users/JSCam/Documents/Development/ash_trail/test/main_test.dart: WelcomeScreen navigates to login screen on Sign In tap
00:03 +258: C:/Users/JSCam/Documents/Development/ash_trail/test/main_test.dart: WelcomeScreen navigates to login screen on Sign In tap
00:03 +259: C:/Users/JSCam/Documents/Development/ash_trail/test/main_test.dart: WelcomeScreen navigates to login screen on Sign In tap
00:03 +260: C:/Users/JSCam/Documents/Development/ash_trail/test/main_test.dart: WelcomeScreen navigates to login screen on Sign In tap
00:03 +261: C:/Users/JSCam/Documents/Development/ash_trail/test/main_test.dart: WelcomeScreen navigates to login screen on Sign In tap
00:03 +262: C:/Users/JSCam/Documents/Development/ash_trail/test/main_test.dart: WelcomeScreen navigates to login screen on Sign In tap
00:03 +263: C:/Users/JSCam/Documents/Development/ash_trail/test/main_test.dart: WelcomeScreen navigates to login screen on Sign In tap
00:03 +264: C:/Users/JSCam/Documents/Development/ash_trail/test/main_test.dart: WelcomeScreen navigates to login screen on Sign In tap
00:03 +265: C:/Users/JSCam/Documents/Development/ash_trail/test/main_test.dart: WelcomeScreen navigates to login screen on Sign In tap
00:03 +266: C:/Users/JSCam/Documents/Development/ash_trail/test/main_test.dart: WelcomeScreen navigates to login screen on Sign In tap
00:03 +267: C:/Users/JSCam/Documents/Development/ash_trail/test/main_test.dart: WelcomeScreen navigates to login screen on Sign In tap
00:03 +268: C:/Users/JSCam/Documents/Development/ash_trail/test/main_test.dart: WelcomeScreen navigates to login screen on Sign In tap
00:03 +269: C:/Users/JSCam/Documents/Development/ash_trail/test/main_test.dart: WelcomeScreen navigates to login screen on Sign In tap
00:03 +270: C:/Users/JSCam/Documents/Development/ash_trail/test/main_test.dart: WelcomeScreen navigates to login screen on Sign In tap
00:03 +271: C:/Users/JSCam/Documents/Development/ash_trail/test/main_test.dart: WelcomeScreen navigates to login screen on Sign In tap
00:03 +272: C:/Users/JSCam/Documents/Development/ash_trail/test/main_test.dart: WelcomeScreen navigates to login screen on Sign In tap
00:03 +273: C:/Users/JSCam/Documents/Development/ash_trail/test/main_test.dart: WelcomeScreen navigates to login screen on Sign In tap
00:03 +274: C:/Users/JSCam/Documents/Development/ash_trail/test/main_test.dart: WelcomeScreen navigates to login screen on Sign In tap
00:03 +275: C:/Users/JSCam/Documents/Development/ash_trail/test/main_test.dart: WelcomeScreen navigates to login screen on Sign In tap
00:03 +276: C:/Users/JSCam/Documents/Development/ash_trail/test/main_test.dart: WelcomeScreen navigates to login screen on Sign In tap
00:03 +277: C:/Users/JSCam/Documents/Development/ash_trail/test/main_test.dart: WelcomeScreen navigates to login screen on Sign In tap
00:03 +278: C:/Users/JSCam/Documents/Development/ash_trail/test/main_test.dart: WelcomeScreen navigates to login screen on Sign In tap
00:03 +279: C:/Users/JSCam/Documents/Development/ash_trail/test/main_test.dart: WelcomeScreen navigates to login screen on Sign In tap
00:04 +280: C:/Users/JSCam/Documents/Development/ash_trail/test/main_test.dart: WelcomeScreen Continue Without Account button is visible
00:04 +281: C:/Users/JSCam/Documents/Development/ash_trail/test/providers/sync_provider_test.dart: Sync Provider Tests syncServiceProvider provides SyncService instance
00:04 +282: C:/Users/JSCam/Documents/Development/ash_trail/test/providers/sync_provider_test.dart: Sync Provider Tests syncServiceProvider starts auto sync on creation
00:04 +283: C:/Users/JSCam/Documents/Development/ash_trail/test/providers/sync_provider_test.dart: Sync Provider Tests syncStatusProvider returns sync status for account
00:04 +284: C:/Users/JSCam/Documents/Development/ash_trail/test/providers/sync_provider_test.dart: Sync Provider Tests syncStatusProvider returns offline status
00:04 +285: C:/Users/JSCam/Documents/Development/ash_trail/test/providers/sync_provider_test.dart: Sync Provider Tests syncStatusProvider returns syncing status
00:04 +286: C:/Users/JSCam/Documents/Development/ash_trail/test/providers/sync_provider_test.dart: Sync Provider Tests syncStatusProvider isFullySynced is true when pending is 0 and not syncing
00:04 +287: C:/Users/JSCam/Documents/Development/ash_trail/test/providers/sync_provider_test.dart: Sync Provider Tests syncStatusProvider isFullySynced is false when pending > 0
00:04 +288: C:/Users/JSCam/Documents/Development/ash_trail/test/providers/sync_provider_test.dart: Sync Provider Tests syncStatusProvider isFullySynced is false when syncing
00:04 +289: C:/Users/JSCam/Documents/Development/ash_trail/test/providers/sync_provider_test.dart: Sync Provider Tests triggerSyncProvider triggers sync and returns result
00:04 +290: C:/Users/JSCam/Documents/Development/ash_trail/test/providers/sync_provider_test.dart: Sync Provider Tests triggerSyncProvider returns failed count when sync fails partially
00:04 +291: C:/Users/JSCam/Documents/Development/ash_trail/test/providers/sync_provider_test.dart: Sync Provider Tests isOnlineProvider returns true when online
00:04 +292: C:/Users/JSCam/Documents/Development/ash_trail/test/providers/sync_provider_test.dart: Sync Provider Tests isOnlineProvider returns false when offline
00:05 +293: C:/Users/JSCam/Documents/Development/ash_trail/test/providers/sync_provider_test.dart: Sync Provider Tests pullRecordsProvider pulls records for account
00:05 +294: C:/Users/JSCam/Documents/Development/ash_trail/test/providers/sync_provider_test.dart: Sync Provider Tests pullRecordsProvider pulls records since specified date
00:05 +295: C:/Users/JSCam/Documents/Development/ash_trail/test/providers/sync_provider_test.dart: Sync Provider Tests PullRecordsParams equality works correctly
00:05 +296: C:/Users/JSCam/Documents/Development/ash_trail/test/providers/sync_provider_test.dart: Sync Provider Tests PullRecordsParams equality with since date
00:05 +297: C:/Users/JSCam/Documents/Development/ash_trail/test/providers/sync_provider_test.dart: Sync Provider Tests PullRecordsParams hashCode is consistent
00:05 +298: C:/Users/JSCam/Documents/Development/ash_trail/test/providers/sync_provider_test.dart: Sync Provider Tests SyncResult hasErrors is true when failed > 0
00:05 +299: C:/Users/JSCam/Documents/Development/ash_trail/test/providers/sync_provider_test.dart: Sync Provider Tests SyncResult hasErrors is false when failed is 0
00:05 +300: C:/Users/JSCam/Documents/Development/ash_trail/test/providers/sync_provider_test.dart: Sync Provider Tests SyncResult toString contains all fields
00:05 +301: C:/Users/JSCam/Documents/Development/ash_trail/test/providers/sync_provider_test.dart: Sync Provider Tests SyncStatus toString contains all fields
00:05 +302: C:/Users/JSCam/Documents/Development/ash_trail/test/providers/sync_provider_test.dart: Sync Provider Tests LogRecordUpdate stores record correctly
00:05 +303: C:/Users/JSCam/Documents/Development/ash_trail/test/providers/sync_provider_test.dart: Sync Provider Tests Edge Cases different accounts have independent status
00:05 +304: C:/Users/JSCam/Documents/Development/ash_trail/test/providers/sync_provider_test.dart: Sync Provider Tests Edge Cases sync with no pending records
00:05 +305: C:/Users/JSCam/Documents/Development/ash_trail/test/providers/sync_provider_test.dart: Sync Provider Tests Edge Cases offline sync returns appropriate message
00:06 +306: C:/Users/JSCam/Documents/Development/ash_trail/test/screens/accounts_screen_test.dart: AccountsScreen Widget Tests AccountsScreen shows empty state when no accounts
00:07 +307: C:/Users/JSCam/Documents/Development/ash_trail/test/screens/accounts_screen_test.dart: AccountsScreen Widget Tests AccountsScreen shows list of accounts
00:07 +308: C:/Users/JSCam/Documents/Development/ash_trail/test/screens/accounts_screen_test.dart: AccountsScreen Widget Tests AccountsScreen shows active indicator
00:07 +309: C:/Users/JSCam/Documents/Development/ash_trail/test/screens/accounts_screen_test.dart: AccountsScreen Widget Tests Developer Tools section is visible with accounts
00:08 +310: C:/Users/JSCam/Documents/Development/ash_trail/test/screens/analytics_screen_test.dart: AnalyticsScreen shows empty data state when no records
00:08 +311: C:/Users/JSCam/Documents/Development/ash_trail/test/screens/analytics_screen_test.dart: AnalyticsScreen shows empty data state when no records
00:08 +312: C:/Users/JSCam/Documents/Development/ash_trail/test/screens/analytics_screen_test.dart: AnalyticsScreen shows empty data state when no records
00:08 +313: C:/Users/JSCam/Documents/Development/ash_trail/test/screens/analytics_screen_test.dart: AnalyticsScreen shows empty data state when no records
00:09 +314: C:/Users/JSCam/Documents/Development/ash_trail/test/screens/analytics_screen_test.dart: AnalyticsScreen shows empty data state when no records
00:09 +315: C:/Users/JSCam/Documents/Development/ash_trail/test/screens/analytics_screen_test.dart: AnalyticsScreen shows empty data state when no records
00:09 +316: C:/Users/JSCam/Documents/Development/ash_trail/test/screens/export_screen_test.dart: ExportScreen renders export screen UI
00:10 +317: C:/Users/JSCam/Documents/Development/ash_trail/test/screens/export_screen_test.dart: ExportScreen renders export screen UI
00:10 +318: C:/Users/JSCam/Documents/Development/ash_trail/test/screens/export_screen_test.dart: ExportScreen renders export screen UI
00:10 +319: C:/Users/JSCam/Documents/Development/ash_trail/test/screens/history_screen_test.dart: shows empty state when there are no records
00:10 +320: C:/Users/JSCam/Documents/Development/ash_trail/test/screens/history_screen_test.dart: shows empty state when there are no records
00:10 +321: C:/Users/JSCam/Documents/Development/ash_trail/test/screens/history_screen_test.dart: shows empty state when there are no records
00:10 +322: C:/Users/JSCam/Documents/Development/ash_trail/test/screens/history_screen_test.dart: shows empty state when there are no records
00:10 +323: C:/Users/JSCam/Documents/Development/ash_trail/test/screens/history_screen_test.dart: shows empty state when there are no records
00:11 +324: C:/Users/JSCam/Documents/Development/ash_trail/test/screens/logging_screen_test.dart: LoggingScreen Widget Tests shows no account message when no active account
00:11 +325: C:/Users/JSCam/Documents/Development/ash_trail/test/screens/logging_screen_test.dart: LoggingScreen Widget Tests shows no account message when no active account
00:11 +326: C:/Users/JSCam/Documents/Development/ash_trail/test/screens/login_screen_test.dart: LoginScreen renders login screen UI
00:11 +327: C:/Users/JSCam/Documents/Development/ash_trail/test/screens/login_screen_test.dart: LoginScreen renders login screen UI
00:11 +328: C:/Users/JSCam/Documents/Development/ash_trail/test/screens/login_screen_test.dart: LoginScreen renders login screen UI
00:11 +329: C:/Users/JSCam/Documents/Development/ash_trail/test/screens/login_screen_test.dart: LoginScreen renders login screen UI
00:11 +330: C:/Users/JSCam/Documents/Development/ash_trail/test/screens/login_screen_test.dart: LoginScreen renders login screen UI
00:12 +331: C:/Users/JSCam/Documents/Development/ash_trail/test/screens/login_screen_test.dart: LoginScreen renders login screen UI
00:12 +332: C:/Users/JSCam/Documents/Development/ash_trail/test/screens/login_screen_test.dart: LoginScreen renders login screen UI
00:12 +333: C:/Users/JSCam/Documents/Development/ash_trail/test/screens/login_screen_test.dart: LoginScreen renders login screen UI
00:12 +334: C:/Users/JSCam/Documents/Development/ash_trail/test/screens/login_screen_test.dart: LoginScreen renders login screen UI
00:12 +335: C:/Users/JSCam/Documents/Development/ash_trail/test/screens/login_screen_test.dart: LoginScreen renders login screen UI
00:12 +336: C:/Users/JSCam/Documents/Development/ash_trail/test/screens/profile_screen_test.dart: ProfileScreen shows not logged in state when auth user is null
00:12 +337: C:/Users/JSCam/Documents/Development/ash_trail/test/screens/profile_screen_test.dart: ProfileScreen shows not logged in state when auth user is null
00:12 +338: C:/Users/JSCam/Documents/Development/ash_trail/test/screens/profile_screen_test.dart: ProfileScreen shows not logged in state when auth user is null
00:12 +339: C:/Users/JSCam/Documents/Development/ash_trail/test/screens/profile_screen_test.dart: ProfileScreen shows not logged in state when auth user is null
00:12 +340: C:/Users/JSCam/Documents/Development/ash_trail/test/screens/profile_screen_test.dart: ProfileScreen shows not logged in state when auth user is null
00:12 +341: C:/Users/JSCam/Documents/Development/ash_trail/test/screens/profile_screen_test.dart: ProfileScreen shows not logged in state when auth user is null
00:12 +342: C:/Users/JSCam/Documents/Development/ash_trail/test/screens/signup_screen_test.dart: SignupScreen renders signup screen UI
00:12 +343: C:/Users/JSCam/Documents/Development/ash_trail/test/screens/signup_screen_test.dart: SignupScreen renders signup screen UI
00:12 +344: C:/Users/JSCam/Documents/Development/ash_trail/test/screens/signup_screen_test.dart: SignupScreen renders signup screen UI
00:12 +345: C:/Users/JSCam/Documents/Development/ash_trail/test/screens/signup_screen_test.dart: SignupScreen renders signup screen UI
00:12 +346: C:/Users/JSCam/Documents/Development/ash_trail/test/screens/signup_screen_test.dart: SignupScreen renders signup screen UI
00:12 +347: C:/Users/JSCam/Documents/Development/ash_trail/test/screens/signup_screen_test.dart: SignupScreen renders signup screen UI
00:12 +348: C:/Users/JSCam/Documents/Development/ash_trail/test/screens/signup_screen_test.dart: SignupScreen renders signup screen UI
00:12 +349: C:/Users/JSCam/Documents/Development/ash_trail/test/screens/signup_screen_test.dart: SignupScreen renders signup screen UI
00:12 +350: C:/Users/JSCam/Documents/Development/ash_trail/test/screens/signup_screen_test.dart: SignupScreen renders signup screen UI
00:12 +351: C:/Users/JSCam/Documents/Development/ash_trail/test/screens/signup_screen_test.dart: SignupScreen renders signup screen UI
00:12 +352: C:/Users/JSCam/Documents/Development/ash_trail/test/screens/signup_screen_test.dart: SignupScreen renders signup screen UI
00:13 +353: C:/Users/JSCam/Documents/Development/ash_trail/test/screens/signup_screen_test.dart: SignupScreen renders signup screen UI
00:13 +354: C:/Users/JSCam/Documents/Development/ash_trail/test/screens/signup_screen_test.dart: SignupScreen renders signup screen UI
00:13 +355: C:/Users/JSCam/Documents/Development/ash_trail/test/screens/signup_screen_test.dart: SignupScreen renders signup screen UI
00:13 +356: C:/Users/JSCam/Documents/Development/ash_trail/test/screens/signup_screen_test.dart: SignupScreen renders signup screen UI
00:13 +357: C:/Users/JSCam/Documents/Development/ash_trail/test/screens/signup_screen_test.dart: SignupScreen renders signup screen UI
00:13 +358: C:/Users/JSCam/Documents/Development/ash_trail/test/screens/signup_screen_test.dart: SignupScreen renders signup screen UI
00:13 +359: C:/Users/JSCam/Documents/Development/ash_trail/test/screens/signup_screen_test.dart: SignupScreen renders signup screen UI
00:13 +360: C:/Users/JSCam/Documents/Development/ash_trail/test/screens/signup_screen_test.dart: SignupScreen renders signup screen UI
00:13 +361: C:/Users/JSCam/Documents/Development/ash_trail/test/screens/signup_screen_test.dart: SignupScreen renders signup screen UI
00:13 +362: C:/Users/JSCam/Documents/Development/ash_trail/test/screens/signup_screen_test.dart: SignupScreen renders signup screen UI
00:13 +363: C:/Users/JSCam/Documents/Development/ash_trail/test/screens/signup_screen_test.dart: SignupScreen renders signup screen UI
00:13 +364: C:/Users/JSCam/Documents/Development/ash_trail/test/screens/signup_screen_test.dart: SignupScreen renders signup screen UI
00:13 +365: C:/Users/JSCam/Documents/Development/ash_trail/test/screens/signup_screen_test.dart: SignupScreen renders signup screen UI
00:13 +366: C:/Users/JSCam/Documents/Development/ash_trail/test/screens/signup_screen_test.dart: SignupScreen renders signup screen UI
00:13 +367: C:/Users/JSCam/Documents/Development/ash_trail/test/screens/signup_screen_test.dart: SignupScreen renders signup screen UI
00:13 +368: C:/Users/JSCam/Documents/Development/ash_trail/test/screens/signup_screen_test.dart: SignupScreen renders signup screen UI
00:13 +369: C:/Users/JSCam/Documents/Development/ash_trail/test/screens/signup_screen_test.dart: SignupScreen renders signup screen UI
00:13 +370: C:/Users/JSCam/Documents/Development/ash_trail/test/screens/signup_screen_test.dart: SignupScreen renders signup screen UI
00:13 +371: C:/Users/JSCam/Documents/Development/ash_trail/test/screens/signup_screen_test.dart: SignupScreen renders signup screen UI
00:13 +371: C:/Users/JSCam/Documents/Development/ash_trail/test/services/account_data_isolation_test.dart: Account Data Isolation - Integration with Real Database real database maintains account isolation
  Skip: Requires platform plugin setup
00:13 +371 ~1: C:/Users/JSCam/Documents/Development/ash_trail/test/screens/signup_screen_test.dart: SignupScreen renders signup screen UI
00:13 +372 ~1: C:/Users/JSCam/Documents/Development/ash_trail/test/screens/signup_screen_test.dart: SignupScreen renders signup screen UI
00:13 +373 ~1: C:/Users/JSCam/Documents/Development/ash_trail/test/screens/signup_screen_test.dart: SignupScreen renders signup screen UI
00:13 +374 ~1: C:/Users/JSCam/Documents/Development/ash_trail/test/screens/signup_screen_test.dart: SignupScreen renders signup screen UI
00:13 +375 ~1: C:/Users/JSCam/Documents/Development/ash_trail/test/screens/signup_screen_test.dart: SignupScreen renders signup screen UI
00:13 +376 ~1: C:/Users/JSCam/Documents/Development/ash_trail/test/screens/signup_screen_test.dart: SignupScreen renders signup screen UI
00:13 +377 ~1: C:/Users/JSCam/Documents/Development/ash_trail/test/screens/signup_screen_test.dart: SignupScreen renders signup screen UI
00:13 +378 ~1: C:/Users/JSCam/Documents/Development/ash_trail/test/screens/signup_screen_test.dart: SignupScreen renders signup screen UI
00:13 +379 ~1: C:/Users/JSCam/Documents/Development/ash_trail/test/screens/signup_screen_test.dart: SignupScreen renders signup screen UI
00:13 +380 ~1: C:/Users/JSCam/Documents/Development/ash_trail/test/screens/signup_screen_test.dart: SignupScreen renders signup screen UI
00:13 +381 ~1: C:/Users/JSCam/Documents/Development/ash_trail/test/screens/signup_screen_test.dart: SignupScreen renders signup screen UI
00:13 +382 ~1: C:/Users/JSCam/Documents/Development/ash_trail/test/screens/signup_screen_test.dart: SignupScreen renders signup screen UI
00:14 +383 ~1: C:/Users/JSCam/Documents/Development/ash_trail/test/screens/profile_screen_test.dart: ProfileScreen saves profile updates and email change
00:14 +384 ~1: C:/Users/JSCam/Documents/Development/ash_trail/test/screens/profile_screen_test.dart: ProfileScreen saves profile updates and email change
00:14 +385 ~1: C:/Users/JSCam/Documents/Development/ash_trail/test/screens/profile_screen_test.dart: ProfileScreen saves profile updates and email change
00:14 +386 ~1: C:/Users/JSCam/Documents/Development/ash_trail/test/screens/profile_screen_test.dart: ProfileScreen saves profile updates and email change
00:14 +387 ~1: C:/Users/JSCam/Documents/Development/ash_trail/test/screens/profile_screen_test.dart: ProfileScreen saves profile updates and email change
00:14 +388 ~1: C:/Users/JSCam/Documents/Development/ash_trail/test/screens/profile_screen_test.dart: ProfileScreen saves profile updates and email change
00:14 +389 ~1: C:/Users/JSCam/Documents/Development/ash_trail/test/screens/profile_screen_test.dart: ProfileScreen saves profile updates and email change
00:14 +390 ~1: C:/Users/JSCam/Documents/Development/ash_trail/test/screens/profile_screen_test.dart: ProfileScreen saves profile updates and email change
00:14 +391 ~1: C:/Users/JSCam/Documents/Development/ash_trail/test/screens/profile_screen_test.dart: ProfileScreen saves profile updates and email change
00:14 +392 ~1: C:/Users/JSCam/Documents/Development/ash_trail/test/screens/profile_screen_test.dart: ProfileScreen saves profile updates and email change
00:14 +393 ~1: C:/Users/JSCam/Documents/Development/ash_trail/test/screens/profile_screen_test.dart: ProfileScreen saves profile updates and email change
00:14 +394 ~1: C:/Users/JSCam/Documents/Development/ash_trail/test/screens/profile_screen_test.dart: ProfileScreen saves profile updates and email change
00:14 +395 ~1: C:/Users/JSCam/Documents/Development/ash_trail/test/screens/ui_flow_user_stories_test.dart: User Story: UI Flow Tests (Stories 37-41) Story 37: Quick Log Widget Structure Quick log widget displays with all core elements
00:14 +396 ~1: C:/Users/JSCam/Documents/Development/ash_trail/test/screens/ui_flow_user_stories_test.dart: User Story: UI Flow Tests (Stories 37-41) Story 37: Quick Log Widget Structure Quick log widget displays with all core elements
00:14 +397 ~1: C:/Users/JSCam/Documents/Development/ash_trail/test/screens/ui_flow_user_stories_test.dart: User Story: UI Flow Tests (Stories 37-41) Story 37: Quick Log Widget Structure Quick log widget displays with all core elements
00:14 +398 ~1: C:/Users/JSCam/Documents/Development/ash_trail/test/screens/ui_flow_user_stories_test.dart: User Story: UI Flow Tests (Stories 37-41) Story 37: Quick Log Widget Structure Quick log widget displays with all core elements
00:14 +399 ~1: C:/Users/JSCam/Documents/Development/ash_trail/test/screens/ui_flow_user_stories_test.dart: User Story: UI Flow Tests (Stories 37-41) Story 37: Quick Log Widget Structure Quick log widget displays with all core elements
00:14 +400 ~1: C:/Users/JSCam/Documents/Development/ash_trail/test/screens/ui_flow_user_stories_test.dart: User Story: UI Flow Tests (Stories 37-41) Story 37: Quick Log Widget Structure Quick log widget displays with all core elements
00:14 +401 ~1: C:/Users/JSCam/Documents/Development/ash_trail/test/screens/ui_flow_user_stories_test.dart: User Story: UI Flow Tests (Stories 37-41) Story 37: Quick Log Widget Structure Quick log widget displays with all core elements
00:14 +402 ~1: C:/Users/JSCam/Documents/Development/ash_trail/test/screens/ui_flow_user_stories_test.dart: User Story: UI Flow Tests (Stories 37-41) Story 37: Quick Log Widget Structure Quick log widget displays with all core elements
00:15 +403 ~1: C:/Users/JSCam/Documents/Development/ash_trail/test/screens/ui_flow_user_stories_test.dart: User Story: UI Flow Tests (Stories 37-41) Story 37: Quick Log Widget Structure Quick log widget displays with all core elements
00:15 +404 ~1: C:/Users/JSCam/Documents/Development/ash_trail/test/screens/ui_flow_user_stories_test.dart: User Story: UI Flow Tests (Stories 37-41) Story 37: Quick Log Widget Structure Quick log widget displays with all core elements
00:15 +405 ~1: C:/Users/JSCam/Documents/Development/ash_trail/test/screens/ui_flow_user_stories_test.dart: User Story: UI Flow Tests (Stories 37-41) Story 37: Quick Log Widget Structure Quick log widget displays with all core elements
00:15 +406 ~1: C:/Users/JSCam/Documents/Development/ash_trail/test/screens/ui_flow_user_stories_test.dart: User Story: UI Flow Tests (Stories 37-41) Story 37: Quick Log Widget Structure Quick log widget displays with all core elements
00:15 +407 ~1: C:/Users/JSCam/Documents/Development/ash_trail/test/screens/ui_flow_user_stories_test.dart: User Story: UI Flow Tests (Stories 37-41) Story 37: Quick Log Widget Structure Quick log widget displays with all core elements
00:15 +408 ~1: C:/Users/JSCam/Documents/Development/ash_trail/test/screens/ui_flow_user_stories_test.dart: User Story: UI Flow Tests (Stories 37-41) Story 37: Quick Log Widget Structure Quick log widget displays with all core elements
00:15 +409 ~1: C:/Users/JSCam/Documents/Development/ash_trail/test/screens/profile_screen_test.dart: ProfileScreen shows password validation errors then calls change password
00:15 +410 ~1: C:/Users/JSCam/Documents/Development/ash_trail/test/screens/profile_screen_test.dart: ProfileScreen shows password validation errors then calls change password
00:15 +411 ~1: C:/Users/JSCam/Documents/Development/ash_trail/test/screens/profile_screen_test.dart: ProfileScreen shows password validation errors then calls change password
00:16 +412 ~1: C:/Users/JSCam/Documents/Development/ash_trail/test/screens/profile_screen_test.dart: ProfileScreen shows password validation errors then calls change password
00:16 +413 ~1: C:/Users/JSCam/Documents/Development/ash_trail/test/screens/profile_screen_test.dart: ProfileScreen shows password validation errors then calls change password
00:16 +414 ~1: C:/Users/JSCam/Documents/Development/ash_trail/test/screens/profile_screen_test.dart: ProfileScreen shows password validation errors then calls change password
00:16 +415 ~1: C:/Users/JSCam/Documents/Development/ash_trail/test/screens/profile_screen_test.dart: ProfileScreen shows password validation errors then calls change password
00:16 +416 ~1: C:/Users/JSCam/Documents/Development/ash_trail/test/screens/login_screen_test.dart: LoginScreen navigates to signup screen
00:16 +417 ~1: C:/Users/JSCam/Documents/Development/ash_trail/test/screens/login_screen_test.dart: LoginScreen navigates to signup screen
00:16 +418 ~1: C:/Users/JSCam/Documents/Development/ash_trail/test/screens/logging_screen_test.dart: LoggingScreen Widget Tests Backdate tab shows info card
00:16 +419 ~1: C:/Users/JSCam/Documents/Development/ash_trail/test/screens/signup_screen_test.dart: SignupScreen shows error for short password
00:16 +420 ~1: C:/Users/JSCam/Documents/Development/ash_trail/test/screens/signup_screen_test.dart: SignupScreen shows error for short password
00:16 +421 ~1: C:/Users/JSCam/Documents/Development/ash_trail/test/screens/profile_screen_test.dart: ProfileScreen validates email format before submitting
00:16 +422 ~1: C:/Users/JSCam/Documents/Development/ash_trail/test/screens/profile_screen_test.dart: ProfileScreen validates email format before submitting
00:16 +423 ~1: C:/Users/JSCam/Documents/Development/ash_trail/test/screens/profile_screen_test.dart: ProfileScreen validates email format before submitting
00:16 +424 ~1: C:/Users/JSCam/Documents/Development/ash_trail/test/screens/signup_screen_test.dart: SignupScreen shows error for mismatched passwords
00:17 +425 ~1: C:/Users/JSCam/Documents/Development/ash_trail/test/screens/signup_screen_test.dart: SignupScreen shows error for mismatched passwords
00:17 +426 ~1: C:/Users/JSCam/Documents/Development/ash_trail/test/screens/logging_screen_test.dart: LogDraft integration with UI event type dropdown changes draft state
00:17 +427 ~1: C:/Users/JSCam/Documents/Development/ash_trail/test/screens/logging_screen_test.dart: LogDraft integration with UI event type dropdown changes draft state
00:17 +428 ~1: C:/Users/JSCam/Documents/Development/ash_trail/test/screens/logging_screen_test.dart: LogDraft integration with UI event type dropdown changes draft state
00:17 +429 ~1: C:/Users/JSCam/Documents/Development/ash_trail/test/screens/logging_screen_test.dart: LogDraft integration with UI event type dropdown changes draft state
00:17 +430 ~1: C:/Users/JSCam/Documents/Development/ash_trail/test/screens/logging_screen_test.dart: LogDraft integration with UI event type dropdown changes draft state
00:18 +431 ~1: C:/Users/JSCam/Documents/Development/ash_trail/test/screens/signup_screen_test.dart: SignupScreen calls signUpWithEmail on valid submission
00:18 +432 ~1: C:/Users/JSCam/Documents/Development/ash_trail/test/screens/signup_screen_test.dart: SignupScreen calls signUpWithEmail on valid submission
00:18 +433 ~1: C:/Users/JSCam/Documents/Development/ash_trail/test/services/analytics_user_stories_test.dart: User Story: Analytics & Charts (Stories 14-19) Story 14: As a user, I want to view daily totals for accurate tracking
00:18 +434 ~1: C:/Users/JSCam/Documents/Development/ash_trail/test/screens/logging_screen_test.dart: LogDraft integration with UI clear button resets form
00:18 +435 ~1: C:/Users/JSCam/Documents/Development/ash_trail/test/screens/logging_screen_test.dart: LogDraft integration with UI clear button resets form
00:18 +436 ~1: C:/Users/JSCam/Documents/Development/ash_trail/test/screens/logging_screen_test.dart: LogDraft integration with UI clear button resets form
00:18 +437 ~1: C:/Users/JSCam/Documents/Development/ash_trail/test/screens/logging_screen_test.dart: LogDraft integration with UI clear button resets form
00:18 +438 ~1: C:/Users/JSCam/Documents/Development/ash_trail/test/screens/logging_screen_test.dart: LogDraft integration with UI clear button resets form
00:18 +439 ~1: C:/Users/JSCam/Documents/Development/ash_trail/test/screens/logging_screen_test.dart: LogDraft integration with UI clear button resets form
00:18 +440 ~1: C:/Users/JSCam/Documents/Development/ash_trail/test/screens/logging_screen_test.dart: LogDraft integration with UI clear button resets form
00:18 +441 ~1: C:/Users/JSCam/Documents/Development/ash_trail/test/screens/logging_screen_test.dart: LogDraft integration with UI clear button resets form
00:18 +442 ~1: C:/Users/JSCam/Documents/Development/ash_trail/test/screens/logging_screen_test.dart: LogDraft integration with UI clear button resets form
00:18 +443 ~1: C:/Users/JSCam/Documents/Development/ash_trail/test/screens/logging_screen_test.dart: LogDraft integration with UI clear button resets form
00:18 +444 ~1: C:/Users/JSCam/Documents/Development/ash_trail/test/screens/logging_screen_test.dart: LogDraft integration with UI clear button resets form
00:18 +445 ~1: C:/Users/JSCam/Documents/Development/ash_trail/test/screens/logging_screen_test.dart: LogDraft integration with UI clear button resets form
00:18 +446 ~1: C:/Users/JSCam/Documents/Development/ash_trail/test/screens/logging_screen_test.dart: LogDraft integration with UI clear button resets form
00:18 +447 ~1: C:/Users/JSCam/Documents/Development/ash_trail/test/screens/logging_screen_test.dart: LogDraft integration with UI clear button resets form
00:18 +448 ~1: C:/Users/JSCam/Documents/Development/ash_trail/test/screens/logging_screen_test.dart: LogDraft integration with UI clear button resets form
00:18 +449 ~1: C:/Users/JSCam/Documents/Development/ash_trail/test/screens/logging_screen_test.dart: LogDraft integration with UI clear button resets form
00:18 +450 ~1: C:/Users/JSCam/Documents/Development/ash_trail/test/screens/logging_screen_test.dart: LogDraft integration with UI clear button resets form
00:18 +451 ~1: C:/Users/JSCam/Documents/Development/ash_trail/test/screens/logging_screen_test.dart: LogDraft integration with UI clear button resets form
00:18 +452 ~1: C:/Users/JSCam/Documents/Development/ash_trail/test/screens/logging_screen_test.dart: LogDraft integration with UI clear button resets form
00:18 +453 ~1: C:/Users/JSCam/Documents/Development/ash_trail/test/screens/logging_screen_test.dart: LogDraft integration with UI clear button resets form
00:18 +454 ~1: C:/Users/JSCam/Documents/Development/ash_trail/test/screens/logging_screen_test.dart: LogDraft integration with UI clear button resets form
00:18 +455 ~1: C:/Users/JSCam/Documents/Development/ash_trail/test/screens/logging_screen_test.dart: LogDraft integration with UI clear button resets form
00:18 +456 ~1: C:/Users/JSCam/Documents/Development/ash_trail/test/screens/logging_screen_test.dart: LogDraft integration with UI clear button resets form
00:18 +457 ~1: C:/Users/JSCam/Documents/Development/ash_trail/test/screens/logging_screen_test.dart: LogDraft integration with UI clear button resets form
00:18 +458 ~1: C:/Users/JSCam/Documents/Development/ash_trail/test/screens/logging_screen_test.dart: LogDraft integration with UI clear button resets form
00:18 +459 ~1: C:/Users/JSCam/Documents/Development/ash_trail/test/screens/logging_screen_test.dart: LogDraft integration with UI clear button resets form
00:18 +460 ~1: C:/Users/JSCam/Documents/Development/ash_trail/test/screens/logging_screen_test.dart: LogDraft integration with UI clear button resets form
00:18 +461 ~1: C:/Users/JSCam/Documents/Development/ash_trail/test/screens/logging_screen_test.dart: LogDraft integration with UI clear button resets form
00:18 +462 ~1: C:/Users/JSCam/Documents/Development/ash_trail/test/screens/logging_screen_test.dart: LogDraft integration with UI clear button resets form
00:18 +463 ~1: C:/Users/JSCam/Documents/Development/ash_trail/test/screens/logging_screen_test.dart: LogDraft integration with UI clear button resets form
00:18 +464 ~1: C:/Users/JSCam/Documents/Development/ash_trail/test/screens/logging_screen_test.dart: LogDraft integration with UI clear button resets form
00:18 +465 ~1: C:/Users/JSCam/Documents/Development/ash_trail/test/screens/logging_screen_test.dart: LogDraft integration with UI clear button resets form
00:18 +466 ~1: C:/Users/JSCam/Documents/Development/ash_trail/test/screens/logging_screen_test.dart: LogDraft integration with UI clear button resets form
00:18 +467 ~1: C:/Users/JSCam/Documents/Development/ash_trail/test/screens/logging_screen_test.dart: LogDraft integration with UI clear button resets form
00:18 +468 ~1: C:/Users/JSCam/Documents/Development/ash_trail/test/screens/logging_screen_test.dart: LogDraft integration with UI clear button resets form
00:18 +469 ~1: C:/Users/JSCam/Documents/Development/ash_trail/test/screens/logging_screen_test.dart: LogDraft integration with UI clear button resets form
00:18 +470 ~1: C:/Users/JSCam/Documents/Development/ash_trail/test/screens/logging_screen_test.dart: LogDraft integration with UI clear button resets form
00:18 +471 ~1: C:/Users/JSCam/Documents/Development/ash_trail/test/screens/logging_screen_test.dart: LogDraft integration with UI clear button resets form
00:18 +472 ~1: C:/Users/JSCam/Documents/Development/ash_trail/test/screens/logging_screen_test.dart: LogDraft integration with UI clear button resets form
00:18 +473 ~1: C:/Users/JSCam/Documents/Development/ash_trail/test/screens/logging_screen_test.dart: LogDraft integration with UI clear button resets form
00:18 +474 ~1: C:/Users/JSCam/Documents/Development/ash_trail/test/screens/logging_screen_test.dart: LogDraft integration with UI clear button resets form
00:18 +475 ~1: C:/Users/JSCam/Documents/Development/ash_trail/test/screens/logging_screen_test.dart: LogDraft integration with UI clear button resets form
00:18 +476 ~1: C:/Users/JSCam/Documents/Development/ash_trail/test/screens/logging_screen_test.dart: LogDraft integration with UI clear button resets form
00:18 +477 ~1: C:/Users/JSCam/Documents/Development/ash_trail/test/screens/logging_screen_test.dart: LogDraft integration with UI clear button resets form
00:18 +478 ~1: C:/Users/JSCam/Documents/Development/ash_trail/test/screens/logging_screen_test.dart: LogDraft integration with UI clear button resets form
00:18 +479 ~1: C:/Users/JSCam/Documents/Development/ash_trail/test/screens/logging_screen_test.dart: LogDraft integration with UI clear button resets form
00:18 +480 ~1: C:/Users/JSCam/Documents/Development/ash_trail/test/screens/logging_screen_test.dart: LogDraft integration with UI clear button resets form
00:18 +481 ~1: C:/Users/JSCam/Documents/Development/ash_trail/test/screens/logging_screen_test.dart: LogDraft integration with UI clear button resets form
00:18 +482 ~1: C:/Users/JSCam/Documents/Development/ash_trail/test/screens/logging_screen_test.dart: LogDraft integration with UI clear button resets form
00:18 +483 ~1: C:/Users/JSCam/Documents/Development/ash_trail/test/screens/logging_screen_test.dart: LogDraft integration with UI clear button resets form
00:18 +484 ~1: C:/Users/JSCam/Documents/Development/ash_trail/test/screens/logging_screen_test.dart: LogDraft integration with UI clear button resets form
00:18 +485 ~1: C:/Users/JSCam/Documents/Development/ash_trail/test/screens/logging_screen_test.dart: LogDraft integration with UI clear button resets form
00:18 +486 ~1: C:/Users/JSCam/Documents/Development/ash_trail/test/screens/signup_screen_test.dart: SignupScreen toggles password visibility
00:18 +487 ~1: C:/Users/JSCam/Documents/Development/ash_trail/test/screens/signup_screen_test.dart: SignupScreen toggles password visibility
00:18 +488 ~1: C:/Users/JSCam/Documents/Development/ash_trail/test/screens/signup_screen_test.dart: SignupScreen toggles password visibility
00:18 +489 ~1: C:/Users/JSCam/Documents/Development/ash_trail/test/screens/signup_screen_test.dart: SignupScreen toggles password visibility
00:18 +490 ~1: C:/Users/JSCam/Documents/Development/ash_trail/test/screens/signup_screen_test.dart: SignupScreen toggles password visibility
00:18 +491 ~1: C:/Users/JSCam/Documents/Development/ash_trail/test/screens/signup_screen_test.dart: SignupScreen toggles password visibility
00:19 +492 ~1: C:/Users/JSCam/Documents/Development/ash_trail/test/screens/signup_screen_test.dart: SignupScreen toggles password visibility
00:19 +493 ~1: C:/Users/JSCam/Documents/Development/ash_trail/test/screens/signup_screen_test.dart: SignupScreen toggles password visibility
00:19 +494 ~1: C:/Users/JSCam/Documents/Development/ash_trail/test/screens/signup_screen_test.dart: SignupScreen toggles password visibility
00:19 +495 ~1: C:/Users/JSCam/Documents/Development/ash_trail/test/screens/signup_screen_test.dart: SignupScreen toggles password visibility
00:19 +496 ~1: C:/Users/JSCam/Documents/Development/ash_trail/test/services/log_record_service_test.dart: LogRecordService - Initialization Tests should throw error when created without database initialization
  Skip: Requires platform plugins not available in unit tests
00:19 +496 ~2: C:/Users/JSCam/Documents/Development/ash_trail/test/services/log_record_service_test.dart: LogRecordService - Initialization Tests should initialize with mock repository
00:19 +497 ~2: C:/Users/JSCam/Documents/Development/ash_trail/test/services/log_record_service_test.dart: LogRecordService - Initialization Tests should initialize with database service
  Skip: Requires platform plugins not available in unit tests
00:19 +497 ~3: C:/Users/JSCam/Documents/Development/ash_trail/test/services/log_record_service_test.dart: LogRecordService - CRUD Operations createLogRecord should create a valid log record
00:19 +498 ~3: C:/Users/JSCam/Documents/Development/ash_trail/test/services/log_record_service_test.dart: LogRecordService - CRUD Operations createLogRecord should handle null optional fields
00:19 +499 ~3: C:/Users/JSCam/Documents/Development/ash_trail/test/services/log_record_service_test.dart: LogRecordService - CRUD Operations createLogRecord should validate mood rating range
00:20 +500 ~3: C:/Users/JSCam/Documents/Development/ash_trail/test/services/log_record_service_test.dart: LogRecordService - CRUD Operations createLogRecord should validate physical rating range
00:20 +501 ~3: C:/Users/JSCam/Documents/Development/ash_trail/test/services/log_record_service_test.dart: LogRecordService - CRUD Operations updateLogRecord should update existing record
00:20 +502 ~3: C:/Users/JSCam/Documents/Development/ash_trail/test/services/log_record_service_test.dart: LogRecordService - CRUD Operations deleteLogRecord should mark record as deleted
00:20 +503 ~3: C:/Users/JSCam/Documents/Development/ash_trail/test/services/log_record_service_test.dart: LogRecordService - CRUD Operations getLogRecords should return records for account
00:20 +504 ~3: C:/Users/JSCam/Documents/Development/ash_trail/test/services/log_record_service_test.dart: LogRecordService - CRUD Operations getLogRecords should return empty for non-existent account
00:20 +505 ~3: C:/Users/JSCam/Documents/Development/ash_trail/test/services/log_record_service_test.dart: LogRecordService - CRUD Operations getLogRecords should filter by account
00:20 +506 ~3: C:/Users/JSCam/Documents/Development/ash_trail/test/services/log_record_service_test.dart: LogRecordService - CRUD Operations quickLog should default to vape + seconds when no event/unit provided
00:20 +507 ~3: C:/Users/JSCam/Documents/Development/ash_trail/test/services/log_record_service_test.dart: LogRecordService - CRUD Operations recordDurationLog should default to vape when no eventType provided
00:20 +508 ~3: C:/Users/JSCam/Documents/Development/ash_trail/test/services/log_record_service_test.dart: LogRecordService - Edge Cases & Error Handling should handle repository errors gracefully
00:20 +509 ~3: C:/Users/JSCam/Documents/Development/ash_trail/test/services/log_record_service_test.dart: LogRecordService - Edge Cases & Error Handling should handle empty account ID
00:20 +510 ~3: C:/Users/JSCam/Documents/Development/ash_trail/test/services/log_record_service_test.dart: LogRecordService - Edge Cases & Error Handling should handle future timestamps
00:20 +511 ~3: C:/Users/JSCam/Documents/Development/ash_trail/test/services/log_record_service_test.dart: LogRecordService - Edge Cases & Error Handling should handle negative duration
00:20 +512 ~3: C:/Users/JSCam/Documents/Development/ash_trail/test/services/log_record_service_test.dart: LogRecordService - Edge Cases & Error Handling should handle extremely long duration
00:20 +513 ~3: C:/Users/JSCam/Documents/Development/ash_trail/test/services/log_record_service_test.dart: LogRecordService - Edge Cases & Error Handling should handle max int reasons list
00:20 +514 ~3: C:/Users/JSCam/Documents/Development/ash_trail/test/services/log_record_service_test.dart: LogRecordService - Edge Cases & Error Handling should handle empty reasons list
00:20 +515 ~3: C:/Users/JSCam/Documents/Development/ash_trail/test/services/log_record_service_test.dart: LogRecordService - Context Validation should require database context when no repository provided
00:20 +515 ~4: C:/Users/JSCam/Documents/Development/ash_trail/test/services/log_record_service_test.dart: LogRecordService - Context Validation should accept valid database context
00:20 +515 ~5: C:/Users/JSCam/Documents/Development/ash_trail/test/services/log_record_service_test.dart: LogRecordService - Location Validation should accept both latitude and longitude
00:20 +516 ~5: C:/Users/JSCam/Documents/Development/ash_trail/test/services/log_record_service_test.dart: LogRecordService - Location Validation should accept both null latitude and longitude
00:20 +517 ~5: C:/Users/JSCam/Documents/Development/ash_trail/test/services/log_record_service_test.dart: LogRecordService - Location Validation should reject latitude without longitude
00:20 +518 ~5: C:/Users/JSCam/Documents/Development/ash_trail/test/services/log_record_service_test.dart: LogRecordService - Location Validation should reject longitude without latitude
00:20 +519 ~5: C:/Users/JSCam/Documents/Development/ash_trail/test/services/log_record_service_test.dart: LogRecordService - Backdate Operations backdateLog should create record with past timestamp
00:20 +520 ~5: C:/Users/JSCam/Documents/Development/ash_trail/test/services/log_record_service_test.dart: LogRecordService - Backdate Operations backdateLog should reject timestamps > 30 days old
00:20 +521 ~5: C:/Users/JSCam/Documents/Development/ash_trail/test/services/log_record_service_test.dart: LogRecordService - Backdate Operations backdateLog should reject future timestamps
00:20 +522 ~5: C:/Users/JSCam/Documents/Development/ash_trail/test/services/log_record_service_test.dart: LogRecordService - Backdate Operations backdateLog should clamp duration
00:20 +523 ~5: C:/Users/JSCam/Documents/Development/ash_trail/test/services/log_record_service_test.dart: LogRecordService - Backdate Operations backdateLog should set timeConfidence
00:20 +524 ~5: C:/Users/JSCam/Documents/Development/ash_trail/test/services/log_record_service_test.dart: LogRecordService - Backdate Operations backdateLog should include location when provided
00:20 +525 ~5: C:/Users/JSCam/Documents/Development/ash_trail/test/services/log_record_service_test.dart: LogRecordService - Duration Recording recordDurationLog should convert ms to seconds
00:20 +526 ~5: C:/Users/JSCam/Documents/Development/ash_trail/test/services/log_record_service_test.dart: LogRecordService - Duration Recording recordDurationLog should reject duration < 1 second
00:20 +527 ~5: C:/Users/JSCam/Documents/Development/ash_trail/test/services/log_record_service_test.dart: LogRecordService - Duration Recording recordDurationLog should clamp to max duration
00:20 +528 ~5: C:/Users/JSCam/Documents/Development/ash_trail/test/services/log_record_service_test.dart: LogRecordService - Duration Recording recordDurationLog should set high timeConfidence
00:20 +529 ~5: C:/Users/JSCam/Documents/Development/ash_trail/test/services/log_record_service_test.dart: LogRecordService - Duration Recording recordDurationLog should accept custom event type
00:20 +530 ~5: C:/Users/JSCam/Documents/Development/ash_trail/test/services/log_record_service_test.dart: LogRecordService - Quick Log Operations quickLog should create record with current time
00:20 +531 ~5: C:/Users/JSCam/Documents/Development/ash_trail/test/services/log_record_service_test.dart: LogRecordService - Quick Log Operations quickLog should set high timeConfidence
00:20 +532 ~5: C:/Users/JSCam/Documents/Development/ash_trail/test/services/log_record_service_test.dart: LogRecordService - Quick Log Operations quickLog should accept custom event type
00:20 +533 ~5: C:/Users/JSCam/Documents/Development/ash_trail/test/services/log_record_user_stories_test.dart: User Story: Daily Vape Logging As a user, I want to log a quick vape session with mood and physical ratings
00:20 +534 ~5: C:/Users/JSCam/Documents/Development/ash_trail/test/services/log_record_user_stories_test.dart: User Story: Daily Vape Logging As a user, I want to log a quick vape session with mood and physical ratings
00:20 +535 ~5: C:/Users/JSCam/Documents/Development/ash_trail/test/services/log_record_user_stories_test.dart: User Story: Daily Vape Logging As a user, I want to log a quick vape session with mood and physical ratings
00:20 +536 ~5: C:/Users/JSCam/Documents/Development/ash_trail/test/services/log_record_user_stories_test.dart: User Story: Daily Vape Logging As a user, I want to log a quick vape session with mood and physical ratings
00:20 +537 ~5: C:/Users/JSCam/Documents/Development/ash_trail/test/services/log_record_user_stories_test.dart: User Story: Daily Vape Logging As a user, I want to log a quick vape session with mood and physical ratings
00:20 +538 ~5: C:/Users/JSCam/Documents/Development/ash_trail/test/services/log_record_user_stories_test.dart: User Story: Daily Vape Logging As a user, I want to log a quick vape session with mood and physical ratings
00:20 +539 ~5: C:/Users/JSCam/Documents/Development/ash_trail/test/services/log_record_user_stories_test.dart: User Story: Daily Vape Logging As a user, I want to log a quick vape session with mood and physical ratings
00:20 +540 ~5: C:/Users/JSCam/Documents/Development/ash_trail/test/services/log_record_user_stories_test.dart: User Story: Daily Vape Logging As a user, I want to log a quick vape session with mood and physical ratings
00:20 +541 ~5: C:/Users/JSCam/Documents/Development/ash_trail/test/services/log_record_service_test.dart: LogRecordService - Update Operations updateLogRecord should update duration and unit
00:20 +542 ~5: C:/Users/JSCam/Documents/Development/ash_trail/test/services/log_record_service_test.dart: LogRecordService - Update Operations updateLogRecord should update note
00:20 +543 ~5: C:/Users/JSCam/Documents/Development/ash_trail/test/services/log_record_user_stories_test.dart: User Story: Daily Vape Logging As a user, I want to log multiple sessions throughout the day
00:20 +544 ~5: C:/Users/JSCam/Documents/Development/ash_trail/test/services/log_record_user_stories_test.dart: User Story: Daily Vape Logging As a user, I want to log multiple sessions throughout the day
00:20 +545 ~5: C:/Users/JSCam/Documents/Development/ash_trail/test/services/log_record_service_test.dart: LogRecordService - Update Operations updateLogRecord should clear reasons with empty list
00:20 +546 ~5: C:/Users/JSCam/Documents/Development/ash_trail/test/services/log_record_user_stories_test.dart: User Story: Daily Vape Logging As a user, I want to edit a session and add additional context later
00:20 +547 ~5: C:/Users/JSCam/Documents/Development/ash_trail/test/services/log_record_user_stories_test.dart: User Story: Daily Vape Logging As a user, I want to edit a session and add additional context later
00:20 +548 ~5: C:/Users/JSCam/Documents/Development/ash_trail/test/services/log_record_service_test.dart: LogRecordService - Update Operations updateLogRecord should mark as dirty
00:20 +549 ~5: C:/Users/JSCam/Documents/Development/ash_trail/test/services/log_record_user_stories_test.dart: User Story: Daily Vape Logging As a user, I want to backdate sessions from the past
00:20 +550 ~5: C:/Users/JSCam/Documents/Development/ash_trail/test/services/log_record_user_stories_test.dart: User Story: Daily Vape Logging As a user, I want to backdate sessions from the past
00:20 +551 ~5: C:/Users/JSCam/Documents/Development/ash_trail/test/services/log_record_user_stories_test.dart: User Story: Daily Vape Logging As a user, I want to backdate sessions from the past
00:20 +552 ~5: C:/Users/JSCam/Documents/Development/ash_trail/test/services/log_record_service_test.dart: LogRecordService - Sync Operations getPendingSync should return pending records
00:20 +553 ~5: C:/Users/JSCam/Documents/Development/ash_trail/test/services/log_record_user_stories_test.dart: User Story: Daily Vape Logging As a user, I want to view mood trends over time
00:20 +554 ~5: C:/Users/JSCam/Documents/Development/ash_trail/test/services/log_record_user_stories_test.dart: User Story: Daily Vape Logging As a user, I want to view mood trends over time
00:20 +555 ~5: C:/Users/JSCam/Documents/Development/ash_trail/test/services/log_record_user_stories_test.dart: User Story: Daily Vape Logging As a user, I want to view mood trends over time
00:20 +556 ~5: C:/Users/JSCam/Documents/Development/ash_trail/test/services/log_record_service_test.dart: LogRecordService - Delete Operations hardDeleteLogRecord should remove record from repository
00:20 +557 ~5: C:/Users/JSCam/Documents/Development/ash_trail/test/services/log_record_service_test.dart: LogRecordService - Delete Operations hardDeleteLogRecord should remove record from repository
00:20 +558 ~5: C:/Users/JSCam/Documents/Development/ash_trail/test/services/log_record_service_test.dart: LogRecordService - Delete Operations deleteAllByAccount should remove all records for account
00:20 +559 ~5: C:/Users/JSCam/Documents/Development/ash_trail/test/services/log_record_user_stories_test.dart: User Story: Detailed Session Review As a user, I want comprehensive notes for detailed sessions
00:20 +560 ~5: C:/Users/JSCam/Documents/Development/ash_trail/test/services/log_record_user_stories_test.dart: User Story: Detailed Session Review As a user, I want to filter logs by reason to understand patterns
00:20 +561 ~5: C:/Users/JSCam/Documents/Development/ash_trail/test/services/log_record_user_stories_test.dart: User Story: Detailed Session Review As a user, I want to filter logs by reason to understand patterns
00:20 +562 ~5: C:/Users/JSCam/Documents/Development/ash_trail/test/services/log_record_service_test.dart: LogRecordService - Statistics getStatistics should return correct totals
00:20 +563 ~5: C:/Users/JSCam/Documents/Development/ash_trail/test/services/log_record_service_test.dart: LogRecordService - Statistics getStatistics should return correct totals
00:20 +564 ~5: C:/Users/JSCam/Documents/Development/ash_trail/test/services/log_record_user_stories_test.dart: User Story: Health Impact Tracking As a health-conscious user, I want to note medical context
00:20 +565 ~5: C:/Users/JSCam/Documents/Development/ash_trail/test/services/log_record_service_test.dart: LogRecordService - Statistics getStatistics should count by event type
00:20 +566 ~5: C:/Users/JSCam/Documents/Development/ash_trail/test/services/log_record_user_stories_test.dart: User Story: Data Management & Cleanup As a user, I want to delete erroneous logs
00:20 +567 ~5: C:/Users/JSCam/Documents/Development/ash_trail/test/services/log_record_user_stories_test.dart: User Story: Data Management & Cleanup As a user, I want to delete erroneous logs
00:20 +568 ~5: C:/Users/JSCam/Documents/Development/ash_trail/test/services/log_record_service_test.dart: LogRecordService - Statistics countLogRecords should return correct count
00:20 +569 ~5: C:/Users/JSCam/Documents/Development/ash_trail/test/services/log_record_user_stories_test.dart: User Story: Data Management & Cleanup As a user, I want to maintain clean data by clearing optional fields
00:20 +570 ~5: C:/Users/JSCam/Documents/Development/ash_trail/test/services/log_record_service_test.dart: LogRecordService - Batch Operations batchCreateLogRecords should create multiple records
00:20 +571 ~5: C:/Users/JSCam/Documents/Development/ash_trail/test/services/log_record_user_stories_test.dart: User Story: Data Management & Cleanup As a user with multiple accounts, I want isolated data per account
00:20 +572 ~5: C:/Users/JSCam/Documents/Development/ash_trail/test/services/log_record_user_stories_test.dart: User Story: Data Management & Cleanup As a user with multiple accounts, I want isolated data per account
00:20 +573 ~5: C:/Users/JSCam/Documents/Development/ash_trail/test/services/log_record_service_test.dart: LogRecordService - Update Context updateContext should update location
00:20 +574 ~5: C:/Users/JSCam/Documents/Development/ash_trail/test/services/log_record_service_test.dart: LogRecordService - Update Context updateContext should validate mood rating
00:20 +575 ~5: C:/Users/JSCam/Documents/Development/ash_trail/test/services/log_record_service_test.dart: LogRecordService - Update Context updateContext should validate physical rating
00:20 +576 ~5: C:/Users/JSCam/Documents/Development/ash_trail/test/services/log_record_service_test.dart: LogRecordService - Update Context updateContext should not update if no changes
00:20 +577 ~5: C:/Users/JSCam/Documents/Development/ash_trail/test/services/log_record_service_test.dart: LogRecordService - Duplicate Detection findPotentialDuplicates should find similar records
00:20 +578 ~5: C:/Users/JSCam/Documents/Development/ash_trail/test/services/log_record_service_test.dart: LogRecordService - Duplicate Detection findPotentialDuplicates should not match different event types
00:20 +579 ~5: C:/Users/JSCam/Documents/Development/ash_trail/test/services/log_record_service_test.dart: LogRecordService - Duplicate Detection findPotentialDuplicates should not match records outside tolerance
00:20 +580 ~5: C:/Users/JSCam/Documents/Development/ash_trail/test/services/log_record_service_test.dart: LogRecordService - Duplicate Detection findPotentialDuplicates should exclude deleted records
00:20 +581 ~5: C:/Users/JSCam/Documents/Development/ash_trail/test/services/log_record_service_test.dart: LogRecordService - Watch Operations watchLogRecords should emit records
00:20 +582 ~5: C:/Users/JSCam/Documents/Development/ash_trail/test/services/log_record_service_test.dart: LogRecordService - Watch Operations watchLogRecords should filter deleted records
00:21 +583 ~5: C:/Users/JSCam/Documents/Development/ash_trail/test/services/validation_service_test.dart: ValidationService clampValue clamps seconds to 0-3600 range
00:21 +584 ~5: C:/Users/JSCam/Documents/Development/ash_trail/test/services/validation_service_test.dart: ValidationService clampValue clamps minutes to 0-60 range
00:21 +585 ~5: C:/Users/JSCam/Documents/Development/ash_trail/test/services/validation_service_test.dart: ValidationService clampValue clamps hits to 0-100 range
00:21 +586 ~5: C:/Users/JSCam/Documents/Development/ash_trail/test/services/validation_service_test.dart: ValidationService clampValue clamps mg to 0-10000 range
00:21 +587 ~5: C:/Users/JSCam/Documents/Development/ash_trail/test/services/validation_service_test.dart: ValidationService clampValue clamps grams to 0-1000 range
00:21 +588 ~5: C:/Users/JSCam/Documents/Development/ash_trail/test/services/validation_service_test.dart: ValidationService clampValue clamps ml to 0-1000 range
00:21 +589 ~5: C:/Users/JSCam/Documents/Development/ash_trail/test/services/validation_service_test.dart: ValidationService clampValue clamps count to 0-1000 range
00:21 +590 ~5: C:/Users/JSCam/Documents/Development/ash_trail/test/services/validation_service_test.dart: ValidationService clampValue returns value unchanged for Unit.none
00:21 +591 ~5: C:/Users/JSCam/Documents/Development/ash_trail/test/services/validation_service_test.dart: ValidationService clampValue returns null when input is null
00:21 +592 ~5: C:/Users/JSCam/Documents/Development/ash_trail/test/services/validation_service_test.dart: ValidationService isOutlier returns false when value is within threshold
00:21 +593 ~5: C:/Users/JSCam/Documents/Development/ash_trail/test/services/validation_service_test.dart: ValidationService isOutlier returns true when value exceeds threshold
00:21 +594 ~5: C:/Users/JSCam/Documents/Development/ash_trail/test/services/validation_service_test.dart: ValidationService isOutlier returns false when standard deviation is 0
00:21 +595 ~5: C:/Users/JSCam/Documents/Development/ash_trail/test/services/validation_service_test.dart: ValidationService isOutlier respects custom threshold
00:21 +596 ~5: C:/Users/JSCam/Documents/Development/ash_trail/test/services/validation_service_test.dart: ValidationService detectOutliers returns empty list for small datasets
00:21 +597 ~5: C:/Users/JSCam/Documents/Development/ash_trail/test/services/validation_service_test.dart: ValidationService detectOutliers detects outliers in dataset
00:21 +598 ~5: C:/Users/JSCam/Documents/Development/ash_trail/test/services/validation_service_test.dart: ValidationService detectOutliers returns empty for uniform data
00:21 +599 ~5: C:/Users/JSCam/Documents/Development/ash_trail/test/services/validation_service_test.dart: ValidationService detectOutliers uses custom threshold
00:21 +600 ~5: C:/Users/JSCam/Documents/Development/ash_trail/test/services/validation_service_test.dart: ValidationService isValidValue null is always valid
00:21 +601 ~5: C:/Users/JSCam/Documents/Development/ash_trail/test/services/validation_service_test.dart: ValidationService isValidValue negative values are invalid
00:21 +602 ~5: C:/Users/JSCam/Documents/Development/ash_trail/test/services/validation_service_test.dart: ValidationService isValidValue validates seconds within 86400
00:22 +603 ~5: C:/Users/JSCam/Documents/Development/ash_trail/test/services/validation_service_test.dart: ValidationService isValidValue validates minutes within 1440
00:22 +604 ~5: C:/Users/JSCam/Documents/Development/ash_trail/test/services/validation_service_test.dart: ValidationService isValidValue validates hits within 1000
00:22 +605 ~5: C:/Users/JSCam/Documents/Development/ash_trail/test/services/validation_service_test.dart: ValidationService isValidValue validates mg within 1000000
00:22 +606 ~5: C:/Users/JSCam/Documents/Development/ash_trail/test/services/validation_service_test.dart: ValidationService isValidValue validates grams within 10000
00:22 +607 ~5: C:/Users/JSCam/Documents/Development/ash_trail/test/services/validation_service_test.dart: ValidationService isValidValue validates ml within 10000
00:22 +608 ~5: C:/Users/JSCam/Documents/Development/ash_trail/test/services/validation_service_test.dart: ValidationService isValidValue validates count within 10000
00:22 +609 ~5: C:/Users/JSCam/Documents/Development/ash_trail/test/services/validation_service_test.dart: ValidationService isValidValue Unit.none accepts any positive value
00:22 +610 ~5: C:/Users/JSCam/Documents/Development/ash_trail/test/services/validation_service_test.dart: ValidationService Time Validation normalizeToUtc converts to UTC
00:22 +611 ~5: C:/Users/JSCam/Documents/Development/ash_trail/test/services/validation_service_test.dart: ValidationService Time Validation toLocalTime converts UTC to local
00:22 +612 ~5: C:/Users/JSCam/Documents/Development/ash_trail/test/services/validation_service_test.dart: ValidationService Time Validation detectClockSkew returns high for recent events
00:22 +613 ~5: C:/Users/JSCam/Documents/Development/ash_trail/test/services/validation_service_test.dart: ValidationService Time Validation detectClockSkew returns low for future events > 5 min
00:22 +614 ~5: C:/Users/JSCam/Documents/Development/ash_trail/test/services/validation_service_test.dart: ValidationService Time Validation detectClockSkew returns medium for events > 24 hours old
00:22 +615 ~5: C:/Users/JSCam/Documents/Development/ash_trail/test/services/validation_service_test.dart: ValidationService Time Validation isReasonableTimestamp accepts recent timestamps
00:22 +616 ~5: C:/Users/JSCam/Documents/Development/ash_trail/test/services/validation_service_test.dart: ValidationService Time Validation isReasonableTimestamp rejects timestamps > 10 years old
00:22 +617 ~5: C:/Users/JSCam/Documents/Development/ash_trail/test/services/validation_service_test.dart: ValidationService Time Validation isReasonableTimestamp rejects timestamps > 1 day in future
00:22 +618 ~5: C:/Users/JSCam/Documents/Development/ash_trail/test/services/validation_service_test.dart: ValidationService Time Validation isValidBackdateTime accepts recent past dates
00:22 +619 ~5: C:/Users/JSCam/Documents/Development/ash_trail/test/services/validation_service_test.dart: ValidationService Time Validation isValidBackdateTime rejects future dates
00:22 +620 ~5: C:/Users/JSCam/Documents/Development/ash_trail/test/services/validation_service_test.dart: ValidationService Time Validation isValidBackdateTime rejects dates > 30 days old
00:22 +621 ~5: C:/Users/JSCam/Documents/Development/ash_trail/test/services/validation_service_test.dart: ValidationService Tag Validation cleanTags trims and lowercases tags
00:22 +622 ~5: C:/Users/JSCam/Documents/Development/ash_trail/test/services/validation_service_test.dart: ValidationService Tag Validation cleanTags removes empty tags
00:22 +623 ~5: C:/Users/JSCam/Documents/Development/ash_trail/test/services/validation_service_test.dart: ValidationService Tag Validation cleanTags removes tags > 50 characters
00:22 +624 ~5: C:/Users/JSCam/Documents/Development/ash_trail/test/services/validation_service_test.dart: ValidationService Tag Validation cleanTags removes duplicates
00:22 +625 ~5: C:/Users/JSCam/Documents/Development/ash_trail/test/services/validation_service_test.dart: ValidationService Tag Validation isValidTag accepts alphanumeric with spaces
00:22 +626 ~5: C:/Users/JSCam/Documents/Development/ash_trail/test/services/validation_service_test.dart: ValidationService Tag Validation isValidTag rejects empty tags
00:22 +627 ~5: C:/Users/JSCam/Documents/Development/ash_trail/test/services/validation_service_test.dart: ValidationService Tag Validation isValidTag rejects tags > 50 characters
00:22 +628 ~5: C:/Users/JSCam/Documents/Development/ash_trail/test/services/validation_service_test.dart: ValidationService Tag Validation isValidTag rejects special characters
00:22 +629 ~5: C:/Users/JSCam/Documents/Development/ash_trail/test/services/validation_service_test.dart: ValidationService Duplicate Detection areTimestampsWithinTolerance detects close times
00:22 +630 ~5: C:/Users/JSCam/Documents/Development/ash_trail/test/services/validation_service_test.dart: ValidationService Duplicate Detection areTimestampsWithinTolerance rejects distant times
00:22 +631 ~5: C:/Users/JSCam/Documents/Development/ash_trail/test/services/validation_service_test.dart: ValidationService Duplicate Detection areTimestampsWithinTolerance uses custom tolerance
00:22 +632 ~5: C:/Users/JSCam/Documents/Development/ash_trail/test/services/validation_service_test.dart: ValidationService Duplicate Detection isPotentialDuplicate detects similar entries
00:22 +633 ~5: C:/Users/JSCam/Documents/Development/ash_trail/test/services/validation_service_test.dart: ValidationService Duplicate Detection isPotentialDuplicate rejects different event types
00:22 +634 ~5: C:/Users/JSCam/Documents/Development/ash_trail/test/services/validation_service_test.dart: ValidationService Duplicate Detection isPotentialDuplicate rejects times outside tolerance
00:22 +635 ~5: C:/Users/JSCam/Documents/Development/ash_trail/test/services/validation_service_test.dart: ValidationService Duplicate Detection isPotentialDuplicate rejects significantly different values
00:22 +636 ~5: C:/Users/JSCam/Documents/Development/ash_trail/test/services/validation_service_test.dart: ValidationService validateBatch returns empty for valid batch
00:22 +637 ~5: C:/Users/JSCam/Documents/Development/ash_trail/test/services/validation_service_test.dart: ValidationService validateBatch detects invalid timestamps
00:22 +638 ~5: C:/Users/JSCam/Documents/Development/ash_trail/test/services/validation_service_test.dart: ValidationService validateBatch detects invalid values for unit
00:22 +639 ~5: C:/Users/JSCam/Documents/Development/ash_trail/test/services/validation_service_test.dart: ValidationService calculateDataQualityScore returns max score for complete high-quality data
00:22 +640 ~5: C:/Users/JSCam/Documents/Development/ash_trail/test/services/validation_service_test.dart: ValidationService calculateDataQualityScore returns minimum for invalid required fields
00:22 +641 ~5: C:/Users/JSCam/Documents/Development/ash_trail/test/services/validation_service_test.dart: ValidationService calculateDataQualityScore gives partial score for medium time confidence
00:22 +642 ~5: C:/Users/JSCam/Documents/Development/ash_trail/test/services/validation_service_test.dart: ValidationService calculateDataQualityScore adds points for optional enrichment
00:22 +643 ~5: C:/Users/JSCam/Documents/Development/ash_trail/test/services/validation_service_test.dart: ValidationService isValidLocation accepts null or empty location
00:22 +644 ~5: C:/Users/JSCam/Documents/Development/ash_trail/test/services/validation_service_test.dart: ValidationService isValidLocation accepts valid location strings
00:22 +645 ~5: C:/Users/JSCam/Documents/Development/ash_trail/test/services/validation_service_test.dart: ValidationService isValidLocation rejects locations over 100 characters
00:22 +646 ~5: C:/Users/JSCam/Documents/Development/ash_trail/test/services/validation_service_test.dart: ValidationService Rating Validation Rating defaults (null is valid) validateMood: null returns null (not set)
00:22 +647 ~5: C:/Users/JSCam/Documents/Development/ash_trail/test/services/validation_service_test.dart: ValidationService Rating Validation Rating defaults (null is valid) validateCraving: null returns null (not set)
00:22 +648 ~5: C:/Users/JSCam/Documents/Development/ash_trail/test/services/validation_service_test.dart: ValidationService Rating Validation Rating defaults (null is valid) validatePhysicalRating: null returns null (not set)
00:22 +649 ~5: C:/Users/JSCam/Documents/Development/ash_trail/test/services/validation_service_test.dart: ValidationService Rating Validation Rating defaults (null is valid) isValidRating: null is always valid
00:22 +650 ~5: C:/Users/JSCam/Documents/Development/ash_trail/test/services/validation_service_test.dart: ValidationService Rating Validation validateMood accepts 1-10 range
00:22 +651 ~5: C:/Users/JSCam/Documents/Development/ash_trail/test/services/validation_service_test.dart: ValidationService Rating Validation validateMood clamps values below 1 to 1 (zero not allowed)
00:22 +652 ~5: C:/Users/JSCam/Documents/Development/ash_trail/test/services/validation_service_test.dart: ValidationService Rating Validation validateMood clamps values above 10 to 10
00:22 +653 ~5: C:/Users/JSCam/Documents/Development/ash_trail/test/services/validation_service_test.dart: ValidationService Rating Validation validateMood handles null
00:22 +654 ~5: C:/Users/JSCam/Documents/Development/ash_trail/test/services/validation_service_test.dart: ValidationService Rating Validation validateCraving enforces 1-10 range (not 0-10)
00:22 +655 ~5: C:/Users/JSCam/Documents/Development/ash_trail/test/services/validation_service_test.dart: ValidationService Rating Validation validatePhysicalRating enforces 1-10 range
00:22 +656 ~5: C:/Users/JSCam/Documents/Development/ash_trail/test/services/validation_service_test.dart: ValidationService Rating Validation isValidRating: 1-10 are all valid
00:22 +657 ~5: C:/Users/JSCam/Documents/Development/ash_trail/test/services/validation_service_test.dart: ValidationService Rating Validation isValidRating: zero is invalid
00:22 +658 ~5: C:/Users/JSCam/Documents/Development/ash_trail/test/services/validation_service_test.dart: ValidationService Rating Validation isValidRating: values below 1 are invalid
00:22 +659 ~5: C:/Users/JSCam/Documents/Development/ash_trail/test/services/validation_service_test.dart: ValidationService Rating Validation isValidRating: values above 10 are invalid
00:22 +660 ~5: C:/Users/JSCam/Documents/Development/ash_trail/test/services/validation_service_test.dart: ValidationService Location Cross-Field Validation isValidLocationPair accepts both null
00:22 +661 ~5: C:/Users/JSCam/Documents/Development/ash_trail/test/services/validation_service_test.dart: ValidationService Location Cross-Field Validation isValidLocationPair accepts both present with valid values
00:22 +662 ~5: C:/Users/JSCam/Documents/Development/ash_trail/test/services/validation_service_test.dart: ValidationService Location Cross-Field Validation isValidLocationPair rejects one present one null
00:22 +663 ~5: C:/Users/JSCam/Documents/Development/ash_trail/test/services/validation_service_test.dart: ValidationService Location Cross-Field Validation isValidLocationPair rejects invalid latitude
00:22 +664 ~5: C:/Users/JSCam/Documents/Development/ash_trail/test/services/validation_service_test.dart: ValidationService Location Cross-Field Validation isValidLocationPair rejects invalid longitude
00:22 +665 ~5: C:/Users/JSCam/Documents/Development/ash_trail/test/services/validation_service_test.dart: ValidationService Individual Coordinate Validation isValidLatitude accepts -90 to 90
00:22 +666 ~5: C:/Users/JSCam/Documents/Development/ash_trail/test/services/validation_service_test.dart: ValidationService Individual Coordinate Validation isValidLatitude rejects out of range
00:22 +667 ~5: C:/Users/JSCam/Documents/Development/ash_trail/test/services/validation_service_test.dart: ValidationService Individual Coordinate Validation isValidLongitude accepts -180 to 180
00:22 +668 ~5: C:/Users/JSCam/Documents/Development/ash_trail/test/services/validation_service_test.dart: ValidationService Individual Coordinate Validation isValidLongitude rejects out of range
00:22 +669 ~5: C:/Users/JSCam/Documents/Development/ash_trail/test/widgets/analytics_charts_widget_test.dart: AnalyticsChartsWidget shows loading then renders summary and charts
00:24 +670 ~5: C:/Users/JSCam/Documents/Development/ash_trail/test/widgets/analytics_charts_widget_test.dart: AnalyticsChartsWidget shows loading then renders summary and charts
00:24 +671 ~5: C:/Users/JSCam/Documents/Development/ash_trail/test/widgets/analytics_charts_widget_test.dart: AnalyticsChartsWidget shows loading then renders summary and charts
00:24 +672 ~5: C:/Users/JSCam/Documents/Development/ash_trail/test/widgets/analytics_charts_widget_test.dart: AnalyticsChartsWidget shows loading then renders summary and charts
00:24 +673 ~5: C:/Users/JSCam/Documents/Development/ash_trail/test/widgets/analytics_charts_widget_test.dart: AnalyticsChartsWidget shows loading then renders summary and charts
00:24 +674 ~5: C:/Users/JSCam/Documents/Development/ash_trail/test/widgets/analytics_charts_widget_test.dart: AnalyticsChartsWidget shows loading then renders summary and charts
00:24 +675 ~5: C:/Users/JSCam/Documents/Development/ash_trail/test/widgets/analytics_charts_widget_test.dart: AnalyticsChartsWidget shows loading then renders summary and charts
00:24 +676 ~5: C:/Users/JSCam/Documents/Development/ash_trail/test/widgets/analytics_charts_widget_test.dart: AnalyticsChartsWidget shows loading then renders summary and charts
00:25 +677 ~5: C:/Users/JSCam/Documents/Development/ash_trail/test/widgets/analytics_charts_widget_test.dart: AnalyticsChartsWidget shows loading then renders summary and charts
00:25 +678 ~5: C:/Users/JSCam/Documents/Development/ash_trail/test/widgets/dialog_defaults_test.dart: CreateLogEntryDialog defaults defaults to vape + seconds
00:25 +679 ~5: C:/Users/JSCam/Documents/Development/ash_trail/test/widgets/dialog_defaults_test.dart: CreateLogEntryDialog defaults defaults to vape + seconds
00:25 +680 ~5: C:/Users/JSCam/Documents/Development/ash_trail/test/widgets/dialog_defaults_test.dart: CreateLogEntryDialog defaults defaults to vape + seconds
00:25 +681 ~5: C:/Users/JSCam/Documents/Development/ash_trail/test/widgets/dialog_defaults_test.dart: CreateLogEntryDialog defaults defaults to vape + seconds
00:25 +682 ~5: C:/Users/JSCam/Documents/Development/ash_trail/test/widgets/edit_log_record_dialog_test.dart: EditLogRecordDialog shows validation error when only one coordinate is provided
00:26 +682 ~6: C:/Users/JSCam/Documents/Development/ash_trail/test/widgets/edit_log_record_dialog_test.dart: EditLogRecordDialog shows validation error when only one coordinate is provided
00:26 +682 ~7: C:/Users/JSCam/Documents/Development/ash_trail/test/widgets/edit_log_record_dialog_test.dart: EditLogRecordDialog shows validation error when only one coordinate is provided
00:26 +683 ~7: C:/Users/JSCam/Documents/Development/ash_trail/test/widgets/edit_log_record_dialog_test.dart: EditLogRecordDialog shows validation error when only one coordinate is provided
00:26 +684 ~7: C:/Users/JSCam/Documents/Development/ash_trail/test/widgets/edit_log_record_dialog_test.dart: EditLogRecordDialog shows validation error when only one coordinate is provided
00:26 +685 ~7: C:/Users/JSCam/Documents/Development/ash_trail/test/widgets/edit_log_record_dialog_test.dart: EditLogRecordDialog shows validation error when only one coordinate is provided
00:26 +686 ~7: C:/Users/JSCam/Documents/Development/ash_trail/test/widgets/edit_log_record_dialog_test.dart: EditLogRecordDialog shows validation error when only one coordinate is provided
00:26 +687 ~7: C:/Users/JSCam/Documents/Development/ash_trail/test/widgets/edit_log_record_dialog_test.dart: EditLogRecordDialog shows validation error when only one coordinate is provided
00:26 +688 ~7: C:/Users/JSCam/Documents/Development/ash_trail/test/widgets/edit_log_record_dialog_test.dart: EditLogRecordDialog shows validation error when only one coordinate is provided
00:27 +689 ~7: C:/Users/JSCam/Documents/Development/ash_trail/test/widgets/edit_log_record_dialog_test.dart: EditLogRecordDialog shows validation error when only one coordinate is provided
00:27 +690 ~7: C:/Users/JSCam/Documents/Development/ash_trail/test/widgets/edit_log_record_dialog_test.dart: EditLogRecordDialog shows validation error when only one coordinate is provided
00:27 +691 ~7: C:/Users/JSCam/Documents/Development/ash_trail/test/widgets/edit_log_record_dialog_test.dart: EditLogRecordDialog shows validation error when only one coordinate is provided
00:27 +692 ~7: C:/Users/JSCam/Documents/Development/ash_trail/test/widgets/edit_log_record_dialog_test.dart: EditLogRecordDialog shows validation error when only one coordinate is provided
00:27 +693 ~7: C:/Users/JSCam/Documents/Development/ash_trail/test/widgets/edit_log_record_dialog_test.dart: EditLogRecordDialog shows validation error when only one coordinate is provided
00:27 +694 ~7: C:/Users/JSCam/Documents/Development/ash_trail/test/widgets/edit_log_record_dialog_test.dart: EditLogRecordDialog shows validation error when only one coordinate is provided
00:27 +695 ~7: C:/Users/JSCam/Documents/Development/ash_trail/test/widgets/home_quick_log_widget_test.dart: HomeQuickLogWidget - UI Tests reset mood button clears mood rating
00:27 +696 ~7: C:/Users/JSCam/Documents/Development/ash_trail/test/widgets/home_quick_log_widget_test.dart: HomeQuickLogWidget - UI Tests reset mood button clears mood rating
00:27 +697 ~7: C:/Users/JSCam/Documents/Development/ash_trail/test/widgets/dialog_defaults_test.dart: BackdateDialog defaults defaults to vape + seconds
00:27 +698 ~7: C:/Users/JSCam/Documents/Development/ash_trail/test/widgets/dialog_defaults_test.dart: BackdateDialog defaults defaults to vape + seconds
00:27 +699 ~7: C:/Users/JSCam/Documents/Development/ash_trail/test/widgets/dialog_defaults_test.dart: BackdateDialog defaults defaults to vape + seconds
00:27 +700 ~7: C:/Users/JSCam/Documents/Development/ash_trail/test/widgets/dialog_defaults_test.dart: BackdateDialog defaults defaults to vape + seconds
00:27 +701 ~7: C:/Users/JSCam/Documents/Development/ash_trail/test/widgets/edit_log_record_dialog_test.dart: EditLogRecordDialog submits updates through notifier and closes dialog
00:27 +702 ~7: C:/Users/JSCam/Documents/Development/ash_trail/test/widgets/edit_log_record_dialog_test.dart: EditLogRecordDialog submits updates through notifier and closes dialog
00:27 +703 ~7: C:/Users/JSCam/Documents/Development/ash_trail/test/widgets/edit_log_record_dialog_test.dart: EditLogRecordDialog submits updates through notifier and closes dialog
00:27 +704 ~7: C:/Users/JSCam/Documents/Development/ash_trail/test/widgets/edit_log_record_dialog_test.dart: EditLogRecordDialog submits updates through notifier and closes dialog
00:27 +705 ~7: C:/Users/JSCam/Documents/Development/ash_trail/test/widgets/edit_log_record_dialog_test.dart: EditLogRecordDialog submits updates through notifier and closes dialog
00:27 +706 ~7: C:/Users/JSCam/Documents/Development/ash_trail/test/widgets/edit_log_record_dialog_test.dart: EditLogRecordDialog submits updates through notifier and closes dialog
00:28 +707 ~7: C:/Users/JSCam/Documents/Development/ash_trail/test/widgets/edit_log_record_dialog_test.dart: EditLogRecordDialog submits updates through notifier and closes dialog
00:28 +708 ~7: C:/Users/JSCam/Documents/Development/ash_trail/test/widgets/edit_log_record_dialog_test.dart: EditLogRecordDialog submits updates through notifier and closes dialog
00:28 +709 ~7: C:/Users/JSCam/Documents/Development/ash_trail/test/widgets/edit_log_record_dialog_test.dart: EditLogRecordDialog submits updates through notifier and closes dialog
00:28 +710 ~7: C:/Users/JSCam/Documents/Development/ash_trail/test/widgets/sync_status_widget_test.dart: SyncStatusWidget Tests SyncStatusIndicator tapping shows sync details dialog
00:28 +711 ~7: C:/Users/JSCam/Documents/Development/ash_trail/test/widgets/home_quick_log_widget_test.dart: HomeQuickLogWidget - Edge Case Tests should handle rapid tap/release without crash
00:28 +712 ~7: C:/Users/JSCam/Documents/Development/ash_trail/test/widgets/sync_status_widget_test.dart: SyncStatusWidget Tests SyncStatusIndicator dialog shows sync now button when items pending
00:28 +712 ~8: C:/Users/JSCam/Documents/Development/ash_trail/test/widgets/sync_status_widget_test.dart: SyncStatusWidget Tests SyncStatusIndicator dialog shows sync now button when items pending
00:28 +713 ~8: C:/Users/JSCam/Documents/Development/ash_trail/test/widgets/home_quick_log_widget_test.dart: HomeQuickLogWidget - Edge Case Tests should handle all reasons selected
00:28 +714 ~8: C:/Users/JSCam/Documents/Development/ash_trail/test/widgets/home_quick_log_widget_test.dart: HomeQuickLogWidget - Edge Case Tests should handle all reasons selected
00:28 +715 ~8: C:/Users/JSCam/Documents/Development/ash_trail/test/widgets/home_quick_log_widget_test.dart: HomeQuickLogWidget - Edge Case Tests should handle all reasons selected
00:28 +716 ~8: C:/Users/JSCam/Documents/Development/ash_trail/test/widgets/home_quick_log_widget_test.dart: HomeQuickLogWidget - Edge Case Tests should handle all reasons selected
00:28 +717 ~8: C:/Users/JSCam/Documents/Development/ash_trail/test/widgets/home_quick_log_widget_test.dart: HomeQuickLogWidget - Edge Case Tests should handle max slider values
00:29 +718 ~8: All tests passed!
